Microchip MPLAB XC8 Compiler V1.45 ()

Linker command line:

-W-9 \
  --edf=C:\Users\86135\Desktop\项目实践\SCMCU_IDE_V2.00.15\SCMCU_IDE_V2.00.15\data\dat\en_msgs.txt \
  -cs -h+SC8F072_Pwm_Demo.sym --cmf=SC8F072_Pwm_Demo.cmf -z -QSC8F072 \
  -oC:\Users\86135\AppData\Local\Temp\sfek.2 -MSC8F072_Pwm_Demo.map -E1 \
  -ver=XC8 -ASTACK=020h-06fh -pstack=STACK -ACODE=00h-07FFh \
  -ASTRCODE=00h-07FFh -ASTRING=00h-0FFhx8 -ACONST=00h-0FFhx8 \
  -AENTRY=00h-0FFhx8 -ACOMMON=070h-07Fh -ABANK0=020h-06Fh -ABANK1=0A0h-0EFh \
  -ARAM=020h-06Fh,0A0h-0EFh -AABS1=020h-07Fh,0A0h-0EFh -ASFR0=00h-01Fh \
  -ASFR1=080h-09Fh -preset_vec=00h,intentry,init,end_init -ppowerup=CODE \
  -pcinit=CODE -pfunctab=ENTRY -ACONFIG=02007h-02008h -pconfig=CONFIG \
  -DCONFIG=2 -AIDLOC=02000h-02003h -pidloc=IDLOC -DIDLOC=2 -DCODE=2 \
  -DSTRCODE=2 -DSTRING=2 -DCONST=2 -DENTRY=2 -k startup.obj \
  SC8F072_Pwm_Demo.obj 

Object code version is 3.11

Machine type is SC8F072



                Name                               Link     Load   Length Selector   Space Scale
startup.obj     end_init                              0        0        1        0       0
SC8F072_Pwm_Demo.obj
                cinit                               7FE      7FE        2      FFC       0
                text1                               7B1      7B1       12      F62       0
                maintext                            7C3      7C3       3B      F86       0
                cstackCOMMON                         70       70        3       70       1

TOTAL           Name                               Link     Load   Length     Space
        CLASS   STACK          

        CLASS   CODE           
                end_init                              0        0        1         0
                cinit                               7FE      7FE        2         0
                text1                               7B1      7B1       12         0
                maintext                            7C3      7C3       3B         0

        CLASS   STRCODE        

        CLASS   STRING         

        CLASS   CONST          

        CLASS   ENTRY          

        CLASS   COMMON         
                cstackCOMMON                         70       70        3         1

        CLASS   BANK0          

        CLASS   BANK1          

        CLASS   RAM            

        CLASS   ABS1           
                abs_s1                               7E       7E        2         1

        CLASS   SFR0           

        CLASS   SFR1           

        CLASS   CONFIG         

        CLASS   IDLOC          

        CLASS   EEDATA         



SEGMENTS        Name                           Load    Length   Top    Selector   Space  Class     Delta

                reset_vec                      000000  000001  000001         0       0  CODE        2
                cstackCOMMON                   000070  000003  000073        70       1  COMMON      1
                text1                          0007B1  000012  0007C3       F62       0  CODE        2
                maintext                       0007C3  00003B  0007FE       F86       0  CODE        2
                cinit                          0007FE  000002  000800       FFC       0  CODE        2


UNUSED ADDRESS RANGES

        Name                Unused          Largest block    Delta
        BANK0            0020-006F             50           1
        BANK1            00A0-00EF             50           1
        CODE             0001-07B0            7B0           2
        COMMON           0073-007D              B           1
        CONFIG           2007-2008              2           2
        CONST            0001-07B0            100           2
        ENTRY            0001-07B0            100           2
        IDLOC            2000-2003              4           2
        RAM              0020-006F             50           1
                         00A0-00EF             50
        SFR0             0000-001F             20           1
        SFR1             0080-009F             20           1
        STACK            0020-006F             50           1
        STRCODE          0001-07B0            7B0           2
        STRING           0001-07B0            100           2

                                  Symbol Table

_INTCON                  (abs)        000B
_Init_System             text1        07B1
_OPTION_REG              (abs)        0001
_OSCCON                  (abs)        0014
_PORTA                   (abs)        0086
_PORTB                   (abs)        0006
_PWM01DT                 (abs)        001F
_PWMCON0                 (abs)        0015
_PWMCON1                 (abs)        0016
_PWMCON2                 (abs)        001D
_PWMD01H                 (abs)        001E
_PWMD0L                  (abs)        0019
_PWMD1L                  (abs)        001A
_PWMD23H                 (abs)        009E
_PWMD2L                  (abs)        009B
_PWMD3L                  (abs)        009C
_PWMD4L                  (abs)        001B
_PWMT4L                  (abs)        001C
_PWMTH                   (abs)        0018
_PWMTL                   (abs)        0017
_TRISA                   (abs)        0085
_TRISB                   (abs)        0005
__Habs1                  abs1         0000
__Hbank0                 bank0        0000
__Hbank1                 bank1        0000
__Hcinit                 cinit        0800
__Hclrtext               clrtext      0000
__Hcode                  code         0000
__Hcommon                common       0000
__Hconfig                config       0000
__HcstackCOMMON          cstackCOMMON 0000
__Heeprom_data           eeprom_data  0000
__Hend_init              end_init     0001
__Hfunctab               functab      0000
__Hidloc                 idloc        0000
__Hinit                  init         0000
__Hintentry              intentry     0000
__Hmaintext              maintext     0000
__Hpa_nodes0             pa_nodes0    0000
__Hpowerup               powerup      0000
__Hram                   ram          0000
__Hreset_vec             reset_vec    0000
__Hsfr0                  sfr0         0000
__Hsfr1                  sfr1         0000
__Hspace_0               (abs)        0800
__Hspace_1               (abs)        0073
__Hspace_2               (abs)        0000
__Hspace_3               (abs)        0000
__Hstack                 stack        0000
__Hstrings               strings      0000
__Htext                  text         0000
__Labs1                  abs1         0000
__Lbank0                 bank0        0000
__Lbank1                 bank1        0000
__Lcinit                 cinit        07FE
__Lclrtext               clrtext      0000
__Lcode                  code         0000
__Lcommon                common       0000
__Lconfig                config       0000
__LcstackCOMMON          cstackCOMMON 0000
__Leeprom_data           eeprom_data  0000
__Lend_init              end_init     0000
__Lfunctab               functab      0000
__Lidloc                 idloc        0000
__Linit                  init         0000
__Lintentry              intentry     0000
__Lmaintext              maintext     0000
__Lpa_nodes0             pa_nodes0    0000
__Lpowerup               powerup      0000
__Lram                   ram          0000
__Lreset_vec             reset_vec    0000
__Lsfr0                  sfr0         0000
__Lsfr1                  sfr1         0000
__Lspace_0               (abs)        0000
__Lspace_1               (abs)        0000
__Lspace_2               (abs)        0000
__Lspace_3               (abs)        0000
__Lstack                 stack        0000
__Lstrings               strings      0000
__Ltext                  text         0000
__S0                     (abs)        0800
__S1                     (abs)        0073
__S2                     (abs)        0000
___int_sp                stack        0000
___latbits               (abs)        0000
___sp                    stack        0000
__end_of_Init_System     text1        07C3
__end_of__initialization cinit        07FE
__end_of_main            maintext     07FE
__initialization         cinit        07FE
__pcstackCOMMON          cstackCOMMON 0070
__pmaintext              maintext     07C3
__ptext0                 text0        0000
__ptext1                 text1        07B1
__size_of_Init_System    (abs)        0000
__size_of_main           (abs)        0000
_main                    maintext     07C3
btemp                    (abs)        007E
end_of_initialization    cinit        07FE
intlevel0                functab      0000
intlevel1                functab      0000
intlevel2                functab      0000
intlevel3                functab      0000
intlevel4                functab      0000
intlevel5                functab      0000
main@delaycnt            cstackCOMMON 0070
main@pwmbuf              cstackCOMMON 0072
reset_vec                reset_vec    0000
stackhi                  (abs)        0000
stacklo                  (abs)        0000
start                    init         0000
start_initialization     cinit        07FE
wtemp0                   (abs)        007E


FUNCTION INFORMATION:

 *************** function _main *****************
 Defined at:
		line 8 in file "C:\Users\86135\Desktop\项目实践\SC8F072_DEMO_C\SC8F072_DEMO_C\SC8F072_Pwm_Demo\SC8F072_Pwm_Demo.c"
 Parameters:    Size  Location     Type
		None
 Auto vars:     Size  Location     Type
  delaycnt        2    0[COMMON] unsigned int 
  pwmbuf          1    2[COMMON] unsigned char 
 Return value:  Size  Location     Type
                  1    wreg      void 
 Registers used:
		wreg, status,2, status,0, pclath, cstack
 Tracked objects:
		On entry : 
		On exit  : 
		Unchanged: 
 Data sizes:     COMMON   BANK0   BANK1
      Params:         0       0       0
      Locals:         3       0       0
      Temps:          0       0       0
      Totals:         3       0       0
Total ram usage:        3 bytes
 Hardware stack levels required when called:    1
 This function calls:
		_Init_System
 This function is called by:
		Startup code after reset
 This function uses a non-reentrant model


 *************** function _Init_System *****************
 Defined at:
		line 99 in file "C:\Users\86135\Desktop\项目实践\SC8F072_DEMO_C\SC8F072_DEMO_C\SC8F072_Pwm_Demo\SC8F072_Pwm_Demo.c"
 Parameters:    Size  Location     Type
		None
 Auto vars:     Size  Location     Type
		None
 Return value:  Size  Location     Type
                  1    wreg      void 
 Registers used:
		wreg, status,2
 Tracked objects:
		On entry : 
		On exit  : 
		Unchanged: 
 Data sizes:     COMMON   BANK0   BANK1
      Params:         0       0       0
      Locals:         0       0       0
      Temps:          0       0       0
      Totals:         0       0       0
Total ram usage:        0 bytes
 Hardware stack levels used:    1
 This function calls:
		Nothing
 This function is called by:
		_main
 This function uses a non-reentrant model



MODULE INFORMATION

Module		Function		Class		Link	Load	Size
C:\Users\86135\Desktop\项目实践\SC8F072_DEMO_C\SC8F072_DEMO_C\SC8F072_Pwm_Demo\SC8F072_Pwm_Demo.c
		_main          		CODE           	07C3	0000	60
		_Init_System   		CODE           	07B1	0000	19

C:\Users\86135\Desktop\项目实践\SC8F072_DEMO_C\SC8F072_DEMO_C\SC8F072_Pwm_Demo\SC8F072_Pwm_Demo.c estimated size: 79

shared
		__initialization		CODE           	07FE	0000	1

shared estimated size: 1

