Microchip MPLAB XC8 Compiler V1.45 ()

Linker command line:

-W-9 \
  --edf=H:\MyDownloads\IDE_RAR\SCMCU_IDE_V2.00.15_Beta5\data\dat\en_msgs.txt \
  -cs -h+SC8F072_timer_C.sym --cmf=SC8F072_timer_C.cmf -z -QSC8F072 \
  -oC:\Users\ADMINI~1\AppData\Local\Temp\s8b8.2 -MSC8F072_timer_C.map -E1 \
  -ver=XC8 -ASTACK=020h-06fh -pstack=STACK -ACODE=00h-07FFh \
  -ASTRCODE=00h-07FFh -ASTRING=00h-0FFhx8 -ACONST=00h-0FFhx8 \
  -AENTRY=00h-0FFhx8 -ACOMMON=070h-07Fh -ABANK0=020h-06Fh -ABANK1=0A0h-0EFh \
  -ARAM=020h-06Fh,0A0h-0EFh -AABS1=020h-07Fh,0A0h-0EFh -ASFR0=00h-01Fh \
  -ASFR1=080h-09Fh -preset_vec=00h,intentry=04h,init,end_init \
  -ppowerup=CODE -pcinit=CODE -pfunctab=ENTRY -ACONFIG=02007h-02008h \
  -pconfig=CONFIG -DCONFIG=2 -AIDLOC=02000h-02003h -pidloc=IDLOC -DIDLOC=2 \
  -DCODE=2 -DSTRCODE=2 -DSTRING=2 -DCONST=2 -DENTRY=2 -k startup.obj \
  SC8F072_timer_C.obj 

Object code version is 3.11

Machine type is SC8F072



                Name                               Link     Load   Length Selector   Space Scale
startup.obj     end_init                              A        A        1        8       0
                reset_vec                             0        0        1        0       0
SC8F072_timer_C.obj
                cinit                                 B        B        2        8       0
                intentry                              4        4        6        8       0
                text2                                24       24        D        8       0
                text1                                 D        D       17        8       0
                maintext                             31       31        3        8       0
                cstackCOMMON                         70       70        2       70       1

TOTAL           Name                               Link     Load   Length     Space
        CLASS   STACK          

        CLASS   CODE           
                end_init                              A        A        1         0
                cinit                                 B        B        2         0
                intentry                              4        4        6         0
                reset_vec                             0        0        1         0
                text2                                24       24        D         0
                text1                                 D        D       17         0
                maintext                             31       31        3         0

        CLASS   STRCODE        

        CLASS   STRING         

        CLASS   CONST          

        CLASS   ENTRY          

        CLASS   COMMON         
                cstackCOMMON                         70       70        2         1

        CLASS   BANK0          

        CLASS   BANK1          

        CLASS   RAM            

        CLASS   ABS1           
                abs_s1                               7E       7E        2         1

        CLASS   SFR0           

        CLASS   SFR1           

        CLASS   CONFIG         

        CLASS   IDLOC          

        CLASS   EEDATA         



SEGMENTS        Name                           Load    Length   Top    Selector   Space  Class     Delta

                reset_vec                      000000  000001  000001         0       0  CODE        2
                intentry                       000004  000030  000034         8       0  CODE        2
                cstackCOMMON                   000070  000002  000072        70       1  COMMON      1


UNUSED ADDRESS RANGES

        Name                Unused          Largest block    Delta
        BANK0            20-6F           50           1
        BANK1            A0-EF           50           1
        CODE             01-03            3           2
                         34-7FF          7CC
        COMMON           72-7D            C           1
        CONFIG           2007-2008            2           2
        CONST            01-03            3           2
                         34-7FF          100
        ENTRY            01-03            3           2
                         34-7FF          100
        IDLOC            2000-2003            4           2
        RAM              20-6F           50           1
                         A0-EF           50
        SFR0             00-1F           20           1
        SFR1             80-9F           20           1
        STACK            20-6F           50           1
        STRCODE          01-03            3           2
                         34-7FF          7CC
        STRING           01-03            3           2
                         34-7FF          100

                                  Symbol Table

_INTCON                  (abs)        0B
_Init_System             text1        0D
_OPTION_REG              (abs)        01
_OSCCON                  (abs)        14
_PORTB                   (abs)        06
_PR2                     (abs)        11
_T2CON                   (abs)        13
_TMR2IE                  (abs)        71
_TMR2IF                  (abs)        69
_TRISB                   (abs)        05
_Timer_Isr               text2        24
_WPDB                    (abs)        07
_WPUB                    (abs)        08
__Habs1                  abs1         00
__Hbank0                 bank0        00
__Hbank1                 bank1        00
__Hcinit                 cinit        0D
__Hclrtext               clrtext      00
__Hcode                  code         00
__Hcommon                common       00
__Hconfig                config       00
__HcstackCOMMON          cstackCOMMON 00
__Heeprom_data           eeprom_data  00
__Hend_init              end_init     0B
__Hfunctab               functab      00
__Hidloc                 idloc        00
__Hinit                  init         0A
__Hintentry              intentry     0A
__Hmaintext              maintext     00
__Hpa_nodes0             pa_nodes0    00
__Hpowerup               powerup      00
__Hram                   ram          00
__Hreset_vec             reset_vec    01
__Hsfr0                  sfr0         00
__Hsfr1                  sfr1         00
__Hspace_0               (abs)        34
__Hspace_1               (abs)        72
__Hspace_2               (abs)        00
__Hspace_3               (abs)        00
__Hstack                 stack        00
__Hstrings               strings      00
__Htext                  text         00
__Labs1                  abs1         00
__Lbank0                 bank0        00
__Lbank1                 bank1        00
__Lcinit                 cinit        0B
__Lclrtext               clrtext      00
__Lcode                  code         00
__Lcommon                common       00
__Lconfig                config       00
__LcstackCOMMON          cstackCOMMON 00
__Leeprom_data           eeprom_data  00
__Lend_init              end_init     0A
__Lfunctab               functab      00
__Lidloc                 idloc        00
__Linit                  init         0A
__Lintentry              intentry     04
__Lmaintext              maintext     00
__Lpa_nodes0             pa_nodes0    00
__Lpowerup               powerup      00
__Lram                   ram          00
__Lreset_vec             reset_vec    00
__Lsfr0                  sfr0         00
__Lsfr1                  sfr1         00
__Lspace_0               (abs)        00
__Lspace_1               (abs)        00
__Lspace_2               (abs)        00
__Lspace_3               (abs)        00
__Lstack                 stack        00
__Lstrings               strings      00
__Ltext                  text         00
__S0                     (abs)        34
__S1                     (abs)        72
__S2                     (abs)        00
___int_sp                stack        00
___latbits               (abs)        00
___sp                    stack        00
__end_of_Init_System     text1        24
__end_of_Timer_Isr       text2        31
__end_of__initialization cinit        0B
__end_of_main            maintext     34
__initialization         cinit        0B
__pcstackCOMMON          cstackCOMMON 70
__pintentry              intentry     04
__pmaintext              maintext     31
__ptext0                 text0        00
__ptext1                 text1        0D
__ptext2                 text2        24
__size_of_Init_System    (abs)        00
__size_of_Timer_Isr      (abs)        00
__size_of_main           (abs)        00
_main                    maintext     31
btemp                    (abs)        7E
end_of_initialization    cinit        0B
interrupt_function       intentry     04
intlevel0                functab      00
intlevel1                functab      00
intlevel2                functab      00
intlevel3                functab      00
intlevel4                functab      00
intlevel5                functab      00
reset_vec                reset_vec    00
saved_w                  (abs)        7E
stackhi                  (abs)        00
stacklo                  (abs)        00
start                    init         0A
start_initialization     cinit        0B
wtemp0                   (abs)        7E


FUNCTION INFORMATION:

 *************** function _main *****************
 Defined at:
		line 16 in file "H:\MyDownloads\说明书&测试报告\开发包\SC8F072开发包\SC8F072_DEMO_C\SC8F072_Timer_C_TEST\SC8F072_Timer2_C.c"
 Parameters:    Size  Location     Type
		None
 Auto vars:     Size  Location     Type
		None
 Return value:  Size  Location     Type
                  1    wreg      void 
 Registers used:
		wreg, status,2, status,0, pclath, cstack
 Tracked objects:
		On entry : 
		On exit  : 
		Unchanged: 
 Data sizes:     COMMON   BANK0   BANK1
      Params:         0       0       0
      Locals:         0       0       0
      Temps:          0       0       0
      Totals:         0       0       0
Total ram usage:        0 bytes
 Hardware stack levels required when called:    2
 This function calls:
		_Init_System
 This function is called by:
		Startup code after reset
 This function uses a non-reentrant model


 *************** function _Init_System *****************
 Defined at:
		line 49 in file "H:\MyDownloads\说明书&测试报告\开发包\SC8F072开发包\SC8F072_DEMO_C\SC8F072_Timer_C_TEST\SC8F072_Timer2_C.c"
 Parameters:    Size  Location     Type
		None
 Auto vars:     Size  Location     Type
		None
 Return value:  Size  Location     Type
                  1    wreg      void 
 Registers used:
		wreg, status,2
 Tracked objects:
		On entry : 
		On exit  : 
		Unchanged: 
 Data sizes:     COMMON   BANK0   BANK1
      Params:         0       0       0
      Locals:         0       0       0
      Temps:          0       0       0
      Totals:         0       0       0
Total ram usage:        0 bytes
 Hardware stack levels used:    1
 Hardware stack levels required when called:    1
 This function calls:
		Nothing
 This function is called by:
		_main
 This function uses a non-reentrant model


 *************** function _Timer_Isr *****************
 Defined at:
		line 33 in file "H:\MyDownloads\说明书&测试报告\开发包\SC8F072开发包\SC8F072_DEMO_C\SC8F072_Timer_C_TEST\SC8F072_Timer2_C.c"
 Parameters:    Size  Location     Type
		None
 Auto vars:     Size  Location     Type
		None
 Return value:  Size  Location     Type
                  1    wreg      void 
 Registers used:
		wreg, status,2, status,0
 Tracked objects:
		On entry : 
		On exit  : 
		Unchanged: 
 Data sizes:     COMMON   BANK0   BANK1
      Params:         0       0       0
      Locals:         0       0       0
      Temps:          2       0       0
      Totals:         2       0       0
Total ram usage:        2 bytes
 Hardware stack levels used:    1
 This function calls:
		Nothing
 This function is called by:
		Interrupt level 1
 This function uses a non-reentrant model



MODULE INFORMATION

Module		Function		Class		Link	Load	Size
H:\MyDownloads\说明书&测试报告\开发包\SC8F072开发包\SC8F072_DEMO_C\SC8F072_Timer_C_TEST\SC8F072_Timer2_C.c
		_Timer_Isr     		CODE           	0024	0000	14
		_main          		CODE           	0031	0000	4
		_Init_System   		CODE           	000D	0000	24

H:\MyDownloads\说明书&测试报告\开发包\SC8F072开发包\SC8F072_DEMO_C\SC8F072_Timer_C_TEST\SC8F072_Timer2_C.c estimated size: 42

shared
		__initialization		CODE           	000B	0000	1

shared estimated size: 1

