Microchip MPLAB XC8 Compiler V1.45 ()

Linker command line:

-W-9 \
  --edf=H:\MyDownloads\IDE_RAR\SCMCU_IDE_V2.00.15_Alpha1\data\dat\en_msgs.txt \
  -cs -h+SC8F072_Sleep_Demo.sym --cmf=SC8F072_Sleep_Demo.cmf -z -QSC8F072 \
  -oC:\Users\ADMINI~1\AppData\Local\Temp\s398.2 -MSC8F072_Sleep_Demo.map \
  -E1 -ver=XC8 -ASTACK=020h-06fh -pstack=STACK -ACODE=00h-07FFh \
  -ASTRCODE=00h-07FFh -ASTRING=00h-0FFhx8 -ACONST=00h-0FFhx8 \
  -AENTRY=00h-0FFhx8 -ACOMMON=070h-07Fh -ABANK0=020h-06Fh -ABANK1=0A0h-0EFh \
  -ARAM=020h-06Fh,0A0h-0EFh -AABS1=020h-07Fh,0A0h-0EFh -ASFR0=00h-01Fh \
  -ASFR1=080h-09Fh -preset_vec=00h,intentry,init,end_init -ppowerup=CODE \
  -pcinit=CODE -pfunctab=ENTRY -ACONFIG=02007h-02008h -pconfig=CONFIG \
  -DCONFIG=2 -AIDLOC=02000h-02003h -pidloc=IDLOC -DIDLOC=2 -DCODE=2 \
  -DSTRCODE=2 -DSTRING=2 -DCONST=2 -DENTRY=2 -k startup.obj \
  SC8F072_Sleep_Demo.obj 

Object code version is 3.11

Machine type is SC8F072



                Name                               Link     Load   Length Selector   Space Scale
startup.obj     end_init                              0        0        1        0       0
SC8F072_Sleep_Demo.obj
                cinit                               7FE      7FE        2      FFC       0
                text3                               79F      79F        C      F3E       0
                text2                               7B9      7B9       15      F72       0
                text1                               7CE      7CE       30      F9C       0
                maintext                            7AB      7AB        E      F56       0
                cstackCOMMON                         70       70        3       70       1

TOTAL           Name                               Link     Load   Length     Space
        CLASS   STACK          

        CLASS   CODE           
                end_init                              0        0        1         0
                cinit                               7FE      7FE        2         0
                text3                               79F      79F        C         0
                text2                               7B9      7B9       15         0
                text1                               7CE      7CE       30         0
                maintext                            7AB      7AB        E         0

        CLASS   STRCODE        

        CLASS   STRING         

        CLASS   CONST          

        CLASS   ENTRY          

        CLASS   COMMON         
                cstackCOMMON                         70       70        3         1

        CLASS   BANK0          

        CLASS   BANK1          

        CLASS   RAM            

        CLASS   ABS1           
                abs_s1                               7E       7E        2         1

        CLASS   SFR0           

        CLASS   SFR1           

        CLASS   CONFIG         

        CLASS   IDLOC          

        CLASS   EEDATA         



SEGMENTS        Name                           Load    Length   Top    Selector   Space  Class     Delta

                reset_vec                      000000  000001  000001         0       0  CODE        2
                cstackCOMMON                   000070  000003  000073        70       1  COMMON      1
                text3                          00079F  00000C  0007AB       F3E       0  CODE        2
                maintext                       0007AB  00000E  0007B9       F56       0  CODE        2
                text2                          0007B9  000015  0007CE       F72       0  CODE        2
                text1                          0007CE  000030  0007FE       F9C       0  CODE        2
                cinit                          0007FE  000002  000800       FFC       0  CODE        2


UNUSED ADDRESS RANGES

        Name                Unused          Largest block    Delta
        BANK0            0020-006F             50           1
        BANK1            00A0-00EF             50           1
        CODE             0001-079E            79E           2
        COMMON           0073-007D              B           1
        CONFIG           2007-2008              2           2
        CONST            0001-079E            100           2
        ENTRY            0001-079E            100           2
        IDLOC            2000-2003              4           2
        RAM              0020-006F             50           1
                         00A0-00EF             50
        SFR0             0000-001F             20           1
        SFR1             0080-009F             20           1
        STACK            0020-006F             50           1
        STRCODE          0001-079E            79E           2
        STRING           0001-079E            100           2

                                  Symbol Table

DelayXms@i               cstackCOMMON 0071
DelayXms@j               cstackCOMMON 0072
DelayXms@x               cstackCOMMON 0070
_ADCON0                  (abs)        0095
_ADCON1                  (abs)        0096
_DelayXms                text3        079F
_GIE                     (abs)        005F
_INTCON                  (abs)        000B
_IOCA                    (abs)        0089
_IOCB                    (abs)        0009
_Init_System             text2        07B9
_OPTION_REG              (abs)        0001
_OSCCON                  (abs)        0014
_PEIE                    (abs)        005E
_PORTA                   (abs)        0086
_PORTB                   (abs)        0006
_PWMCON0                 (abs)        0015
_RAIE                    (abs)        0073
_RAIF                    (abs)        006B
_RB6                     (abs)        0036
_RBIE                    (abs)        005B
_RBIF                    (abs)        0058
_Sleep_Mode              text1        07CE
_TRISA                   (abs)        0085
_TRISB                   (abs)        0005
_WPUA                    (abs)        0088
_WPUB                    (abs)        0008
__Habs1                  abs1         0000
__Hbank0                 bank0        0000
__Hbank1                 bank1        0000
__Hcinit                 cinit        0800
__Hclrtext               clrtext      0000
__Hcode                  code         0000
__Hcommon                common       0000
__Hconfig                config       0000
__HcstackCOMMON          cstackCOMMON 0000
__Heeprom_data           eeprom_data  0000
__Hend_init              end_init     0001
__Hfunctab               functab      0000
__Hidloc                 idloc        0000
__Hinit                  init         0000
__Hintentry              intentry     0000
__Hmaintext              maintext     0000
__Hpa_nodes0             pa_nodes0    0000
__Hpowerup               powerup      0000
__Hram                   ram          0000
__Hreset_vec             reset_vec    0000
__Hsfr0                  sfr0         0000
__Hsfr1                  sfr1         0000
__Hspace_0               (abs)        0800
__Hspace_1               (abs)        0073
__Hspace_2               (abs)        0000
__Hspace_3               (abs)        0000
__Hstack                 stack        0000
__Hstrings               strings      0000
__Htext                  text         0000
__Labs1                  abs1         0000
__Lbank0                 bank0        0000
__Lbank1                 bank1        0000
__Lcinit                 cinit        07FE
__Lclrtext               clrtext      0000
__Lcode                  code         0000
__Lcommon                common       0000
__Lconfig                config       0000
__LcstackCOMMON          cstackCOMMON 0000
__Leeprom_data           eeprom_data  0000
__Lend_init              end_init     0000
__Lfunctab               functab      0000
__Lidloc                 idloc        0000
__Linit                  init         0000
__Lintentry              intentry     0000
__Lmaintext              maintext     0000
__Lpa_nodes0             pa_nodes0    0000
__Lpowerup               powerup      0000
__Lram                   ram          0000
__Lreset_vec             reset_vec    0000
__Lsfr0                  sfr0         0000
__Lsfr1                  sfr1         0000
__Lspace_0               (abs)        0000
__Lspace_1               (abs)        0000
__Lspace_2               (abs)        0000
__Lspace_3               (abs)        0000
__Lstack                 stack        0000
__Lstrings               strings      0000
__Ltext                  text         0000
__S0                     (abs)        0800
__S1                     (abs)        0073
__S2                     (abs)        0000
___int_sp                stack        0000
___latbits               (abs)        0000
___sp                    stack        0000
__end_of_DelayXms        text3        07AB
__end_of_Init_System     text2        07CE
__end_of_Sleep_Mode      text1        07FE
__end_of__initialization cinit        07FE
__end_of_main            maintext     07B9
__initialization         cinit        07FE
__pcstackCOMMON          cstackCOMMON 0070
__pmaintext              maintext     07AB
__ptext0                 text0        0000
__ptext1                 text1        07CE
__ptext2                 text2        07B9
__ptext3                 text3        079F
__size_of_DelayXms       (abs)        0000
__size_of_Init_System    (abs)        0000
__size_of_Sleep_Mode     (abs)        0000
__size_of_main           (abs)        0000
_main                    maintext     07AB
btemp                    (abs)        007E
end_of_initialization    cinit        07FE
intlevel0                functab      0000
intlevel1                functab      0000
intlevel2                functab      0000
intlevel3                functab      0000
intlevel4                functab      0000
intlevel5                functab      0000
reset_vec                reset_vec    0000
stackhi                  (abs)        0000
stacklo                  (abs)        0000
start                    init         0000
start_initialization     cinit        07FE
wtemp0                   (abs)        007E


FUNCTION INFORMATION:

 *************** function _main *****************
 Defined at:
		line 37 in file "H:\MyDownloads\说明书&测试报告\开发包\SC8F072开发包\SC8F072_DEMO_C\SC8F072_Sleep_Demo\SC8F072_Sleep_Demo.c"
 Parameters:    Size  Location     Type
		None
 Auto vars:     Size  Location     Type
		None
 Return value:  Size  Location     Type
                  1    wreg      void 
 Registers used:
		wreg, status,2, status,0, pclath, cstack
 Tracked objects:
		On entry : 
		On exit  : 
		Unchanged: 
 Data sizes:     COMMON   BANK0   BANK1
      Params:         0       0       0
      Locals:         0       0       0
      Temps:          0       0       0
      Totals:         0       0       0
Total ram usage:        0 bytes
 Hardware stack levels required when called:    2
 This function calls:
		_DelayXms
		_Init_System
		_Sleep_Mode
 This function is called by:
		Startup code after reset
 This function uses a non-reentrant model


 *************** function _Sleep_Mode *****************
 Defined at:
		line 60 in file "H:\MyDownloads\说明书&测试报告\开发包\SC8F072开发包\SC8F072_DEMO_C\SC8F072_Sleep_Demo\SC8F072_Sleep_Demo.c"
 Parameters:    Size  Location     Type
		None
 Auto vars:     Size  Location     Type
		None
 Return value:  Size  Location     Type
                  1    wreg      void 
 Registers used:
		wreg, status,2, status,0, pclath, cstack
 Tracked objects:
		On entry : 
		On exit  : 
		Unchanged: 
 Data sizes:     COMMON   BANK0   BANK1
      Params:         0       0       0
      Locals:         0       0       0
      Temps:          0       0       0
      Totals:         0       0       0
Total ram usage:        0 bytes
 Hardware stack levels used:    1
 Hardware stack levels required when called:    1
 This function calls:
		_Init_System
 This function is called by:
		_main
 This function uses a non-reentrant model


 *************** function _Init_System *****************
 Defined at:
		line 112 in file "H:\MyDownloads\说明书&测试报告\开发包\SC8F072开发包\SC8F072_DEMO_C\SC8F072_Sleep_Demo\SC8F072_Sleep_Demo.c"
 Parameters:    Size  Location     Type
		None
 Auto vars:     Size  Location     Type
		None
 Return value:  Size  Location     Type
                  1    wreg      void 
 Registers used:
		wreg, status,2
 Tracked objects:
		On entry : 
		On exit  : 
		Unchanged: 
 Data sizes:     COMMON   BANK0   BANK1
      Params:         0       0       0
      Locals:         0       0       0
      Temps:          0       0       0
      Totals:         0       0       0
Total ram usage:        0 bytes
 Hardware stack levels used:    1
 This function calls:
		Nothing
 This function is called by:
		_main
		_Sleep_Mode
 This function uses a non-reentrant model


 *************** function _DelayXms *****************
 Defined at:
		line 25 in file "H:\MyDownloads\说明书&测试报告\开发包\SC8F072开发包\SC8F072_DEMO_C\SC8F072_Sleep_Demo\SC8F072_Sleep_Demo.c"
 Parameters:    Size  Location     Type
  x               1    wreg     unsigned char 
 Auto vars:     Size  Location     Type
  x               1    0[COMMON] unsigned char 
  j               1    2[COMMON] unsigned char 
  i               1    1[COMMON] unsigned char 
 Return value:  Size  Location     Type
                  1    wreg      void 
 Registers used:
		wreg, status,2, status,0
 Tracked objects:
		On entry : 
		On exit  : 
		Unchanged: 
 Data sizes:     COMMON   BANK0   BANK1
      Params:         0       0       0
      Locals:         3       0       0
      Temps:          0       0       0
      Totals:         3       0       0
Total ram usage:        3 bytes
 Hardware stack levels used:    1
 This function calls:
		Nothing
 This function is called by:
		_main
 This function uses a non-reentrant model



MODULE INFORMATION

Module		Function		Class		Link	Load	Size
H:\MyDownloads\说明书&测试报告\开发包\SC8F072开发包\SC8F072_DEMO_C\SC8F072_Sleep_Demo\SC8F072_Sleep_Demo.c
		_DelayXms      		CODE           	079F	0000	13
		_Sleep_Mode    		CODE           	07CE	0000	49
		_main          		CODE           	07AB	0000	15
		_Init_System   		CODE           	07B9	0000	22

H:\MyDownloads\说明书&测试报告\开发包\SC8F072开发包\SC8F072_DEMO_C\SC8F072_Sleep_Demo\SC8F072_Sleep_Demo.c estimated size: 99

shared
		__initialization		CODE           	07FE	0000	1

shared estimated size: 1

