Microchip MPLAB XC8 Compiler V1.45 ()

Linker command line:

-W-9 \
  --edf=C:\Users\86135\Desktop\项目实践\SCMCU_IDE_V2.00.15\SCMCU_IDE_V2.00.15\data\dat\en_msgs.txt \
  -cs -h+SC8F072_Pwm_Demo.sym --cmf=SC8F072_Pwm_Demo.cmf -z -QSC8F072 \
  -oC:\Users\86135\AppData\Local\Temp\soco.2 -MSC8F072_Pwm_Demo.map -E1 \
  -ver=XC8 -ASTACK=0D1h-0efh -pstack=STACK -ACODE=00h-07FFh \
  -ASTRCODE=00h-07FFh -ASTRING=00h-0FFhx8 -ACONST=00h-0FFhx8 \
  -AENTRY=00h-0FFhx8 -ACOMMON=070h-07Fh -ABANK0=020h-06Fh -ABANK1=0A0h-0EFh \
  -ARAM=020h-06Fh,0A0h-0EFh -AABS1=020h-07Fh,0A0h-0EFh -ASFR0=00h-01Fh \
  -ASFR1=080h-09Fh -preset_vec=00h,intentry=04h,init,end_init \
  -ppowerup=CODE -pcinit=CODE -pfunctab=ENTRY -ACONFIG=02007h-02008h \
  -pconfig=CONFIG -DCONFIG=2 -AIDLOC=02000h-02003h -pidloc=IDLOC -DIDLOC=2 \
  -DCODE=2 -DSTRCODE=2 -DSTRING=2 -DCONST=2 -DENTRY=2 -k startup.obj \
  SC8F072_Pwm_Demo.obj 

Object code version is 3.11

Machine type is SC8F072



                Name                               Link     Load   Length Selector   Space Scale
startup.obj     end_init                              C        C        1        8       0
                reset_vec                             0        0        1        0       0
SC8F072_Pwm_Demo.obj
                cinit                                 D        D       30        8       0
                intentry                              4        4        8        8       0
                text29                              744      744       1B        8       0
                text28                              728      728       1C        8       0
                text27                              675      675       22        8       0
                text26                              70B      70B       1D        8       0
                text25                              6EE      6EE       1D        8       0
                text24                              6D1      6D1       1D        8       0
                text23                              6B4      6B4       1D        8       0
                text22                              7A0      7A0       11        8       0
                text21                              7E1      7E1        8      F9A       0
                swtext3                             7FA      7FA        5      FE0       0
                text20                              697      697       1D        8       0
                text19                              78E      78E       12        8       0
                text18                              335      335       77        8       0
                text17                              58E      58E       41        8       0
                text16                              277      277       BE        8       0
                text15                              3AC      3AC       70        8       0
                text14                              4EB      4EB       5E        8       0
                text13                              7B1      7B1       10        8       0
                text12                               3D       3D      15E        8       0
                text11                              485      485       66        8       0
                text10                              41C      41C       69        8       0
                text9                               7E9      7E9        7      F9A       0
                text8                               549      549       45        8       0
                text7                               75F      75F       19        8       0
                swtext2                             7F5      7F5        5      FE0       0
                text6                               645      645       30        8       0
                text5                               5CF      5CF       3D        8       0
                swtext1                             7F0      7F0        5      FE0       0
                text4                               19B      19B       DC        8       0
                text3                               60C      60C       39        8       0
                text2                               7FF      7FF        1      FFE       0
                text1                               778      778       16        8       0
                maintext                            7CD      7CD        C      F9A       0
                cstackBANK0                          20       20       4C       20       1
                cstackCOMMON                         70       70        D       70       1
                cstackBANK1                          C4       C4        D       A0       1
                clrtext                             7D9      7D9        8      F9A       0
                dataBANK1                            B3       B3       11       A0       1
                bssBANK1                             A0       A0       13       A0       1
                dataBANK0                            6E       6E        2       20       1
                bssBANK0                             6C       6C        2       20       1
                dataCOMMON                           7D       7D        1       70       1
                strings                             7C1      7C1        C      F82       0

TOTAL           Name                               Link     Load   Length     Space
        CLASS   STACK          

        CLASS   CODE           
                end_init                              C        C        1         0
                cinit                                 D        D       30         0
                intentry                              4        4        8         0
                reset_vec                             0        0        1         0
                text29                              744      744       1B         0
                text28                              728      728       1C         0
                text27                              675      675       22         0
                text26                              70B      70B       1D         0
                text25                              6EE      6EE       1D         0
                text24                              6D1      6D1       1D         0
                text23                              6B4      6B4       1D         0
                text22                              7A0      7A0       11         0
                text21                              7E1      7E1        8         0
                text20                              697      697       1D         0
                text19                              78E      78E       12         0
                text18                              335      335       77         0
                text17                              58E      58E       41         0
                text16                              277      277       BE         0
                text15                              3AC      3AC       70         0
                text14                              4EB      4EB       5E         0
                text13                              7B1      7B1       10         0
                text12                               3D       3D      15E         0
                text11                              485      485       66         0
                text10                              41C      41C       69         0
                text9                               7E9      7E9        7         0
                text8                               549      549       45         0
                text7                               75F      75F       19         0
                text6                               645      645       30         0
                text5                               5CF      5CF       3D         0
                text4                               19B      19B       DC         0
                text3                               60C      60C       39         0
                text2                               7FF      7FF        1         0
                text1                               778      778       16         0
                maintext                            7CD      7CD        C         0
                clrtext                             7D9      7D9        8         0

        CLASS   STRCODE        

        CLASS   STRING         
                strings                             7C1      7C1        C         0

        CLASS   CONST          
                swtext3                             7FA      7FA        5         0
                swtext2                             7F5      7F5        5         0
                swtext1                             7F0      7F0        5         0

        CLASS   ENTRY          

        CLASS   COMMON         
                cstackCOMMON                         70       70        D         1
                dataCOMMON                           7D       7D        1         1

        CLASS   BANK0          
                cstackBANK0                          20       20       4C         1
                dataBANK0                            6E       6E        2         1
                bssBANK0                             6C       6C        2         1

        CLASS   BANK1          
                cstackBANK1                          C4       C4        D         1
                dataBANK1                            B3       B3       11         1
                bssBANK1                             A0       A0       13         1

        CLASS   RAM            

        CLASS   ABS1           
                abs_s1                               7E       7E        2         1

        CLASS   SFR0           

        CLASS   SFR1           

        CLASS   CONFIG         

        CLASS   IDLOC          

        CLASS   EEDATA         



SEGMENTS        Name                           Load    Length   Top    Selector   Space  Class     Delta

                reset_vec                      000000  000001  000001         0       0  CODE        2
                intentry                       000004  0007BD  0007C1         8       0  CODE        2
                cstackBANK0                    000020  000050  000070        20       1  BANK0       1
                cstackCOMMON                   000070  00000E  00007E        70       1  COMMON      1
                bssBANK1                       0000A0  000031  0000D1        A0       1  BANK1       1
                strings                        0007C1  00000C  0007CD       F82       0  STRING      2
                maintext                       0007CD  000023  0007F0       F9A       0  CODE        2
                swtext1                        0007F0  00000F  0007FF       FE0       0  CONST       2
                text2                          0007FF  000001  000800       FFE       0  CODE        2


UNUSED ADDRESS RANGES

        Name                Unused          Largest block    Delta
        BANK1            00D1-00EF             1F           1
        CODE             0001-0003              3           2
        CONFIG           2007-2008              2           2
        CONST            0001-0003              3           2
        ENTRY            0001-0003              3           2
        IDLOC            2000-2003              4           2
        RAM              00D1-00EF             1F           1
        SFR0             0000-001F             20           1
        SFR1             0080-009F             20           1
        STACK            00D1-00EF             1F           1
        STRCODE          0001-0003              3           2
        STRING           0001-0003              3           2

                                  Symbol Table

?___awdiv                  cstackBANK0  0026
?___awmod                  cstackBANK0  0020
?___ftadd                  cstackBANK0  003A
?___ftdiv                  cstackBANK0  0046
?___ftmul                  cstackBANK0  002B
?___ftpack                 cstackBANK0  0020
?___fttol                  cstackBANK0  0055
?___lwtoft                 cstackBANK0  0028
?___wmul                   cstackBANK0  0020
ADC_Sample@ad_temp         cstackBANK1  00CF
ADC_Sample@adch            cstackBANK1  00C5
ADC_Sample@adldo           cstackBANK0  0062
ADC_Sample@admax           cstackBANK1  00C9
ADC_Sample@admin           cstackBANK1  00C7
ADC_Sample@adsum           cstackBANK1  00CB
ADC_Sample@i               cstackBANK1  00C6
ADC_Sample@j               cstackBANK1  00C4
ADC_read@power_temp        cstackBANK0  0068
Charge_num@hundred         cstackCOMMON 0079
Display@scan_cnt           bssBANK1     00AA
PL10                       text4        0272
PL12                       text12       0186
PL14                       text21       07E2
PL16                       text10       0476
PL18                       text12       018F
PL2                        text12       0140
PL20                       text14       0542
PL22                       text10       047E
PL24                       text27       0687
PL26                       text16       032F
PL28                       text15       0412
PL30                       text27       068D
PL32                       text27       0692
PL34                       text15       0418
PL36                       text12       0196
PL38                       text17       05CA
PL4                        text12       0160
PL40                       text11       04E7
PL6                        text15       0407
PL8                        text12       017E
Set_PWM@channel            cstackBANK0  002F
Set_PWM@duty               cstackBANK0  002E
Set_PWM@pulse_width        cstackBANK0  0030
Uncharge_num@hundred       cstackCOMMON 0079
_ADCON0                    (abs)        0095
_ADCON1                    (abs)        0096
_ADC_Flag                  bssBANK1     00AF
_ADC_Sample                text12       003D
_ADC_delay                 bssBANK1     00A6
_ADC_read                  text10       041C
_ADRESH                    (abs)        0099
_ADRESL                    (abs)        0098
_Button_response           text4        019B
_CHS4                      (abs)        04B6
_Charge_num                text27       0675
_Display                   text20       0697
_Display_Scan1             text26       070B
_Display_Scan2             text25       06EE
_Display_Scan3             text24       06D1
_Display_Scan4             text23       06B4
_Display_Scan5             text22       07A0
_GIE                       (abs)        005F
_GODONE                    (abs)        04A9
_INTCON                    (abs)        000B
_IOCA                      (abs)        0089
_IOCB                      (abs)        0009
_Init_System               text3        060C
_Isr_Timer                 text18       0335
_LDO_EN                    (abs)        04B2
_Led_Gpio_Init             text2        07FF
_Motor_num                 text9        07E9
_OPTION_REG                (abs)        0001
_OSCCON                    (abs)        0014
_PORTA                     (abs)        0086
_PORTB                     (abs)        0006
_PR2                       (abs)        0011
_PWMCON0                   (abs)        0015
_PWMCON1                   (abs)        0016
_PWMCON2                   (abs)        001D
_PWMD01H                   (abs)        001E
_PWMD0L                    (abs)        0019
_PWMD1L                    (abs)        001A
_PWMD23H                   (abs)        009E
_PWMD2L                    (abs)        009B
_PWMD3L                    (abs)        009C
_PWMD4L                    (abs)        001B
_PWMT4L                    (abs)        001C
_PWMTH                     (abs)        0018
_PWMTL                     (abs)        0017
_PWM_Init                  text1        0778
_RAIE                      (abs)        0073
_RAIF                      (abs)        006B
_RB0                       (abs)        0030
_RB1                       (abs)        0031
_RB2                       (abs)        0032
_RB3                       (abs)        0033
_RB4                       (abs)        0034
_RBIE                      (abs)        005B
_RBIF                      (abs)        0058
_Set_AllPin_INPUT          text21       07E1
_Set_PWM                   text6        0645
_T0IE                      (abs)        005D
_T0IF                      (abs)        005A
_T2CON                     (abs)        0013
_TMR0                      (abs)        0081
_TMR2IE                    (abs)        0071
_TMR2IF                    (abs)        0069
_TRISA                     (abs)        0085
_TRISB                     (abs)        0005
_TRISB0                    (abs)        0028
_TRISB1                    (abs)        0029
_TRISB2                    (abs)        002A
_TRISB3                    (abs)        002B
_TRISB4                    (abs)        002C
_T_flag                    bssBANK1     00AB
_Time_delay                bssBANK1     00A0
_Uncharge_num              text19       078E
_WPDA                      (abs)        0087
_WPDB                      (abs)        0007
_WPUA                      (abs)        0088
_WPUB                      (abs)        0008
__Habs1                    abs1         0000
__Hbank0                   bank0        0000
__Hbank1                   bank1        0000
__HbssBANK0                bssBANK0     0000
__HbssBANK1                bssBANK1     0000
__Hcinit                   cinit        003D
__Hclrtext                 clrtext      0000
__Hcode                    code         0000
__Hcommon                  common       0000
__Hconfig                  config       0000
__HcstackBANK0             cstackBANK0  0000
__HcstackBANK1             cstackBANK1  0000
__HcstackCOMMON            cstackCOMMON 0000
__HdataBANK0               dataBANK0    0000
__HdataBANK1               dataBANK1    0000
__HdataCOMMON              dataCOMMON   0000
__Heeprom_data             eeprom_data  0000
__Hend_init                end_init     000D
__Hfunctab                 functab      0000
__HidataBANK0              idataBANK0   0000
__HidataBANK1              idataBANK1   0000
__HidataCOMMON             idataCOMMON  0000
__Hidloc                   idloc        0000
__Hinit                    init         000C
__Hintentry                intentry     000C
__Hmaintext                maintext     0000
__Hpa_nodes0               pa_nodes0    0000
__Hpowerup                 powerup      0000
__Hram                     ram          0000
__Hreset_vec               reset_vec    0001
__Hsfr0                    sfr0         0000
__Hsfr1                    sfr1         0000
__Hspace_0                 (abs)        0800
__Hspace_1                 (abs)        00D1
__Hspace_2                 (abs)        0000
__Hspace_3                 (abs)        0000
__Hstack                   stack        0000
__Hstrings                 strings      0000
__Htext                    text         0000
__Labs1                    abs1         0000
__Lbank0                   bank0        0000
__Lbank1                   bank1        0000
__LbssBANK0                bssBANK0     0000
__LbssBANK1                bssBANK1     0000
__Lcinit                   cinit        000D
__Lclrtext                 clrtext      0000
__Lcode                    code         0000
__Lcommon                  common       0000
__Lconfig                  config       0000
__LcstackBANK0             cstackBANK0  0000
__LcstackBANK1             cstackBANK1  0000
__LcstackCOMMON            cstackCOMMON 0000
__LdataBANK0               dataBANK0    0000
__LdataBANK1               dataBANK1    0000
__LdataCOMMON              dataCOMMON   0000
__Leeprom_data             eeprom_data  0000
__Lend_init                end_init     000C
__Lfunctab                 functab      0000
__LidataBANK0              idataBANK0   0000
__LidataBANK1              idataBANK1   0000
__LidataCOMMON             idataCOMMON  0000
__Lidloc                   idloc        0000
__Linit                    init         000C
__Lintentry                intentry     0004
__Lmaintext                maintext     0000
__Lpa_nodes0               pa_nodes0    0000
__Lpowerup                 powerup      0000
__Lram                     ram          0000
__Lreset_vec               reset_vec    0000
__Lsfr0                    sfr0         0000
__Lsfr1                    sfr1         0000
__Lspace_0                 (abs)        0000
__Lspace_1                 (abs)        0000
__Lspace_2                 (abs)        0000
__Lspace_3                 (abs)        0000
__Lstack                   stack        0000
__Lstrings                 strings      0000
__Ltext                    text         0000
__S0                       (abs)        0800
__S1                       (abs)        00D1
__S2                       (abs)        0000
___awdiv                   text8        0549
___awdiv@counter           cstackBANK0  002A
___awdiv@dividend          cstackBANK0  0028
___awdiv@divisor           cstackBANK0  0026
___awdiv@quotient          cstackBANK0  002C
___awdiv@sign              cstackBANK0  002B
___awmod                   text5        05CF
___awmod@counter           cstackBANK0  0024
___awmod@dividend          cstackBANK0  0022
___awmod@divisor           cstackBANK0  0020
___awmod@sign              cstackBANK0  0025
___ftadd                   text16       0277
___ftadd@exp1              cstackBANK0  0045
___ftadd@exp2              cstackBANK0  0044
___ftadd@f1                cstackBANK0  003A
___ftadd@f2                cstackBANK0  003D
___ftadd@sign              cstackBANK0  0043
___ftdiv                   text11       0485
___ftdiv@cntr              cstackBANK0  004F
___ftdiv@exp               cstackBANK0  0053
___ftdiv@f1                cstackBANK0  0049
___ftdiv@f2                cstackBANK0  0046
___ftdiv@f3                cstackBANK0  0050
___ftdiv@sign              cstackBANK0  0054
___ftmul                   text15       03AC
___ftmul@cntr              cstackBANK0  0038
___ftmul@exp               cstackBANK0  0034
___ftmul@f1                cstackBANK0  002B
___ftmul@f2                cstackBANK0  002E
___ftmul@f3_as_product     cstackBANK0  0035
___ftmul@sign              cstackBANK0  0039
___ftpack                  text17       058E
___ftpack@arg              cstackBANK0  0020
___ftpack@exp              cstackBANK0  0023
___ftpack@sign             cstackBANK0  0024
___fttol                   text14       04EB
___fttol@exp1              cstackBANK0  0061
___fttol@f1                cstackBANK0  0055
___fttol@lval              cstackBANK0  005D
___fttol@sign1             cstackBANK0  005C
___int_sp                  stack        0000
___latbits                 (abs)        0000
___lbdiv                   text29       0744
___lbdiv@counter           cstackCOMMON 0077
___lbdiv@dividend          cstackCOMMON 0076
___lbdiv@divisor           cstackCOMMON 0075
___lbdiv@quotient          cstackCOMMON 0078
___lbmod                   text28       0728
___lbmod@counter           cstackCOMMON 0073
___lbmod@dividend          cstackCOMMON 0072
___lbmod@divisor           cstackCOMMON 0070
___lbmod@rem               cstackCOMMON 0074
___lwtoft                  text13       07B1
___lwtoft@c                cstackBANK0  0028
___sp                      stack        0000
___wmul                    text7        075F
___wmul@multiplicand       cstackBANK0  0022
___wmul@multiplier         cstackBANK0  0020
___wmul@product            cstackBANK0  0024
__end_ofPL10               text4        0277
__end_ofPL12               text12       018F
__end_ofPL14               text21       07E9
__end_ofPL16               text10       047E
__end_ofPL18               text12       0196
__end_ofPL2                text12       0160
__end_ofPL20               text14       0549
__end_ofPL22               text10       0485
__end_ofPL24               text27       068D
__end_ofPL26               text16       0335
__end_ofPL28               text15       0418
__end_ofPL30               text27       0692
__end_ofPL32               text27       0697
__end_ofPL34               text15       041C
__end_ofPL36               text12       019B
__end_ofPL38               text17       05CF
__end_ofPL4                text12       017E
__end_ofPL40               text11       04EB
__end_ofPL6                text15       0412
__end_ofPL8                text12       0186
__end_of_ADC_Sample        text12       0140
__end_of_ADC_read          text10       0476
__end_of_Button_response   text4        0272
__end_of_Charge_num        text27       0687
__end_of_Display           text20       06B4
__end_of_Display_Scan1     text26       0728
__end_of_Display_Scan2     text25       070B
__end_of_Display_Scan3     text24       06EE
__end_of_Display_Scan4     text23       06D1
__end_of_Display_Scan5     text22       07B1
__end_of_Init_System       text3        0645
__end_of_Isr_Timer         text18       03AC
__end_of_Led_Gpio_Init     text2        0800
__end_of_Motor_num         text9        07F0
__end_of_PWM_Init          text1        078E
__end_of_Set_AllPin_INPUT  text21       07E2
__end_of_Set_PWM           text6        0675
__end_of_Uncharge_num      text19       07A0
__end_of___awdiv           text8        058E
__end_of___awmod           text5        060C
__end_of___ftadd           text16       032F
__end_of___ftdiv           text11       04E7
__end_of___ftmul           text15       0407
__end_of___ftpack          text17       05CA
__end_of___fttol           text14       0542
__end_of___lbdiv           text29       075F
__end_of___lbmod           text28       0744
__end_of___lwtoft          text13       07C1
__end_of___wmul            text7        0778
__end_of__initialization   cinit        003B
__end_of__stringtab        strings      07C7
__end_of_duty_steps        strings      07CD
__end_of_main              maintext     07D9
__initialization           cinit        000D
__pbssBANK0                bssBANK0     006C
__pbssBANK1                bssBANK1     00A0
__pcstackBANK0             cstackBANK0  0020
__pcstackBANK1             cstackBANK1  00C4
__pcstackCOMMON            cstackCOMMON 0070
__pdataBANK0               dataBANK0    006E
__pdataBANK1               dataBANK1    00B3
__pdataCOMMON              dataCOMMON   007D
__pidataBANK0              idataBANK0   0000
__pidataBANK1              idataBANK1   0000
__pidataCOMMON             idataCOMMON  0000
__pintentry                intentry     0004
__pmaintext                maintext     07CD
__pstrings                 strings      07C1
__pswtext1                 swtext1      07F0
__pswtext2                 swtext2      07F5
__pswtext3                 swtext3      07FA
__ptext1                   text1        0778
__ptext10                  text10       041C
__ptext11                  text11       0485
__ptext12                  text12       003D
__ptext13                  text13       07B1
__ptext14                  text14       04EB
__ptext15                  text15       03AC
__ptext16                  text16       0277
__ptext17                  text17       058E
__ptext18                  text18       0335
__ptext19                  text19       078E
__ptext2                   text2        07FF
__ptext20                  text20       0697
__ptext21                  text21       07E1
__ptext22                  text22       07A0
__ptext23                  text23       06B4
__ptext24                  text24       06D1
__ptext25                  text25       06EE
__ptext26                  text26       070B
__ptext27                  text27       0675
__ptext28                  text28       0728
__ptext29                  text29       0744
__ptext3                   text3        060C
__ptext4                   text4        019B
__ptext5                   text5        05CF
__ptext6                   text6        0645
__ptext7                   text7        075F
__ptext8                   text8        0549
__ptext9                   text9        07E9
__size_of_ADC_Sample       (abs)        0000
__size_of_ADC_read         (abs)        0000
__size_of_Button_response  (abs)        0000
__size_of_Charge_num       (abs)        0000
__size_of_Display          (abs)        0000
__size_of_Display_Scan1    (abs)        0000
__size_of_Display_Scan2    (abs)        0000
__size_of_Display_Scan3    (abs)        0000
__size_of_Display_Scan4    (abs)        0000
__size_of_Display_Scan5    (abs)        0000
__size_of_Init_System      (abs)        0000
__size_of_Isr_Timer        (abs)        0000
__size_of_Led_Gpio_Init    (abs)        0000
__size_of_Motor_num        (abs)        0000
__size_of_PWM_Init         (abs)        0000
__size_of_Set_AllPin_INPUT (abs)        0000
__size_of_Set_PWM          (abs)        0000
__size_of_Uncharge_num     (abs)        0000
__size_of___awdiv          (abs)        0000
__size_of___awmod          (abs)        0000
__size_of___ftadd          (abs)        0000
__size_of___ftdiv          (abs)        0000
__size_of___ftmul          (abs)        0000
__size_of___ftpack         (abs)        0000
__size_of___fttol          (abs)        0000
__size_of___lbdiv          (abs)        0000
__size_of___lbmod          (abs)        0000
__size_of___lwtoft         (abs)        0000
__size_of___wmul           (abs)        0000
__size_of_main             (abs)        0000
__stringbase               strings      07C6
__stringtab                strings      07C1
_adc_last                  bssBANK1     00A4
_adresult                  bssBANK1     00B1
_button_lflag              bssBANK1     00AC
_button_sflag              bssBANK1     00AD
_debounce_counter          bssBANK1     00AE
_duty_steps                strings      07C7
_hundreds                  dataBANK0    006F
_long_press_counter        bssBANK1     00A2
_main                      maintext     07CD
_num_hund                  dataBANK1    00BF
_nums                      dataBANK1    00B3
_power_ad                  bssBANK1     00A8
_power_percent             bssBANK0     006D
_pwm_duty                  bssBANK0     006C
_tens                      dataCOMMON   007D
_test_adc                  bssBANK1     00B0
_unit                      dataBANK0    006E
btemp                      (abs)        007E
clear_ram0                 clrtext      07D9
end_of_initialization      cinit        003B
interrupt_function         intentry     0004
intlevel0                  functab      0000
intlevel1                  functab      0000
intlevel2                  functab      0000
intlevel3                  functab      0000
intlevel4                  functab      0000
intlevel5                  functab      0000
reset_vec                  reset_vec    0000
saved_w                    (abs)        007E
stackhi                    (abs)        0000
stacklo                    (abs)        0000
start                      init         000C
start_initialization       cinit        000D
wtemp0                     (abs)        007E


FUNCTION INFORMATION:

 *************** function _main *****************
 Defined at:
		line 52 in file "C:\Users\86135\Desktop\项目实践\project\SC8F072_Pwm_Demo\SC8F072_Pwm_Demo.c"
 Parameters:    Size  Location     Type
		None
 Auto vars:     Size  Location     Type
		None
 Return value:  Size  Location     Type
                  1    wreg      void 
 Registers used:
		wreg, fsr0l, fsr0h, status,2, status,0, pclath, cstack
 Tracked objects:
		On entry : 
		On exit  : 
		Unchanged: 
 Data sizes:     COMMON   BANK0   BANK1
      Params:         0       0       0
      Locals:         0       0       0
      Temps:          0       0       0
      Totals:         0       0       0
Total ram usage:        0 bytes
 Hardware stack levels required when called:    7
 This function calls:
		_ADC_read
		_Button_response
		_Init_System
		_Led_Gpio_Init
		_PWM_Init
 This function is called by:
		Startup code after reset
 This function uses a non-reentrant model


 *************** function _PWM_Init *****************
 Defined at:
		line 129 in file "C:\Users\86135\Desktop\项目实践\project\SC8F072_Pwm_Demo\SC8F072_Pwm_Demo.c"
 Parameters:    Size  Location     Type
		None
 Auto vars:     Size  Location     Type
		None
 Return value:  Size  Location     Type
                  1    wreg      void 
 Registers used:
		wreg, status,2
 Tracked objects:
		On entry : 
		On exit  : 
		Unchanged: 
 Data sizes:     COMMON   BANK0   BANK1
      Params:         0       0       0
      Locals:         0       0       0
      Temps:          0       0       0
      Totals:         0       0       0
Total ram usage:        0 bytes
 Hardware stack levels used:    1
 Hardware stack levels required when called:    3
 This function calls:
		Nothing
 This function is called by:
		_main
 This function uses a non-reentrant model


 *************** function _Led_Gpio_Init *****************
 Defined at:
		line 76 in file "C:\Users\86135\Desktop\项目实践\project\SC8F072_Pwm_Demo\LED_188.c"
 Parameters:    Size  Location     Type
		None
 Auto vars:     Size  Location     Type
		None
 Return value:  Size  Location     Type
                  1    wreg      void 
 Registers used:
		None
 Tracked objects:
		On entry : 
		On exit  : 
		Unchanged: 
 Data sizes:     COMMON   BANK0   BANK1
      Params:         0       0       0
      Locals:         0       0       0
      Temps:          0       0       0
      Totals:         0       0       0
Total ram usage:        0 bytes
 Hardware stack levels used:    1
 Hardware stack levels required when called:    3
 This function calls:
		Nothing
 This function is called by:
		_main
 This function uses a non-reentrant model


 *************** function _Init_System *****************
 Defined at:
		line 79 in file "C:\Users\86135\Desktop\项目实践\project\SC8F072_Pwm_Demo\SC8F072_Pwm_Demo.c"
 Parameters:    Size  Location     Type
		None
 Auto vars:     Size  Location     Type
		None
 Return value:  Size  Location     Type
                  1    wreg      void 
 Registers used:
		wreg, status,2
 Tracked objects:
		On entry : 
		On exit  : 
		Unchanged: 
 Data sizes:     COMMON   BANK0   BANK1
      Params:         0       0       0
      Locals:         0       0       0
      Temps:          0       0       0
      Totals:         0       0       0
Total ram usage:        0 bytes
 Hardware stack levels used:    1
 Hardware stack levels required when called:    3
 This function calls:
		Nothing
 This function is called by:
		_main
 This function uses a non-reentrant model


 *************** function _Button_response *****************
 Defined at:
		line 317 in file "C:\Users\86135\Desktop\项目实践\project\SC8F072_Pwm_Demo\SC8F072_Pwm_Demo.c"
 Parameters:    Size  Location     Type
		None
 Auto vars:     Size  Location     Type
		None
 Return value:  Size  Location     Type
                  1    wreg      void 
 Registers used:
		wreg, fsr0l, fsr0h, status,2, status,0, pclath, cstack
 Tracked objects:
		On entry : 
		On exit  : 
		Unchanged: 
 Data sizes:     COMMON   BANK0   BANK1
      Params:         0       0       0
      Locals:         0       0       0
      Temps:          0       1       0
      Totals:         0       1       0
Total ram usage:        1 bytes
 Hardware stack levels used:    1
 Hardware stack levels required when called:    5
 This function calls:
		_Motor_num
		_Set_PWM
		___awmod
 This function is called by:
		_main
 This function uses a non-reentrant model


 *************** function ___awmod *****************
 Defined at:
		line 6 in file "C:\Users\86135\Desktop\项目实践\SCMCU_IDE_V2.00.15\SCMCU_IDE_V2.00.15\data\sources\common\awmod.c"
 Parameters:    Size  Location     Type
  divisor         2    0[BANK0 ] int 
  dividend        2    2[BANK0 ] int 
 Auto vars:     Size  Location     Type
  sign            1    5[BANK0 ] unsigned char 
  counter         1    4[BANK0 ] unsigned char 
 Return value:  Size  Location     Type
                  2    0[BANK0 ] int 
 Registers used:
		wreg, status,2, status,0
 Tracked objects:
		On entry : 
		On exit  : 
		Unchanged: 
 Data sizes:     COMMON   BANK0   BANK1
      Params:         0       4       0
      Locals:         0       2       0
      Temps:          0       0       0
      Totals:         0       6       0
Total ram usage:        6 bytes
 Hardware stack levels used:    1
 Hardware stack levels required when called:    3
 This function calls:
		Nothing
 This function is called by:
		_Button_response
 This function uses a non-reentrant model


 *************** function _Set_PWM *****************
 Defined at:
		line 180 in file "C:\Users\86135\Desktop\项目实践\project\SC8F072_Pwm_Demo\SC8F072_Pwm_Demo.c"
 Parameters:    Size  Location     Type
  channel         1    wreg     unsigned char 
  duty            1   14[BANK0 ] unsigned char 
 Auto vars:     Size  Location     Type
  channel         1   15[BANK0 ] unsigned char 
  pulse_width     1   16[BANK0 ] unsigned char 
 Return value:  Size  Location     Type
                  1    wreg      void 
 Registers used:
		wreg, fsr0l, fsr0h, status,2, status,0, pclath, cstack
 Tracked objects:
		On entry : 
		On exit  : 
		Unchanged: 
 Data sizes:     COMMON   BANK0   BANK1
      Params:         0       1       0
      Locals:         0       2       0
      Temps:          0       0       0
      Totals:         0       3       0
Total ram usage:        3 bytes
 Hardware stack levels used:    1
 Hardware stack levels required when called:    4
 This function calls:
		___awdiv
		___wmul
 This function is called by:
		_Button_response
 This function uses a non-reentrant model


 *************** function ___wmul *****************
 Defined at:
		line 15 in file "C:\Users\86135\Desktop\项目实践\SCMCU_IDE_V2.00.15\SCMCU_IDE_V2.00.15\data\sources\common\Umul16.c"
 Parameters:    Size  Location     Type
  multiplier      2    0[BANK0 ] unsigned int 
  multiplicand    2    2[BANK0 ] unsigned int 
 Auto vars:     Size  Location     Type
  product         2    4[BANK0 ] unsigned int 
 Return value:  Size  Location     Type
                  2    0[BANK0 ] unsigned int 
 Registers used:
		wreg, status,2, status,0
 Tracked objects:
		On entry : 
		On exit  : 
		Unchanged: 
 Data sizes:     COMMON   BANK0   BANK1
      Params:         0       4       0
      Locals:         0       2       0
      Temps:          0       0       0
      Totals:         0       6       0
Total ram usage:        6 bytes
 Hardware stack levels used:    1
 Hardware stack levels required when called:    3
 This function calls:
		Nothing
 This function is called by:
		_Set_PWM
 This function uses a non-reentrant model


 *************** function ___awdiv *****************
 Defined at:
		line 6 in file "C:\Users\86135\Desktop\项目实践\SCMCU_IDE_V2.00.15\SCMCU_IDE_V2.00.15\data\sources\common\awdiv.c"
 Parameters:    Size  Location     Type
  divisor         2    6[BANK0 ] int 
  dividend        2    8[BANK0 ] int 
 Auto vars:     Size  Location     Type
  quotient        2   12[BANK0 ] int 
  sign            1   11[BANK0 ] unsigned char 
  counter         1   10[BANK0 ] unsigned char 
 Return value:  Size  Location     Type
                  2    6[BANK0 ] int 
 Registers used:
		wreg, status,2, status,0
 Tracked objects:
		On entry : 
		On exit  : 
		Unchanged: 
 Data sizes:     COMMON   BANK0   BANK1
      Params:         0       4       0
      Locals:         0       4       0
      Temps:          0       0       0
      Totals:         0       8       0
Total ram usage:        8 bytes
 Hardware stack levels used:    1
 Hardware stack levels required when called:    3
 This function calls:
		Nothing
 This function is called by:
		_Set_PWM
 This function uses a non-reentrant model


 *************** function _Motor_num *****************
 Defined at:
		line 39 in file "C:\Users\86135\Desktop\项目实践\project\SC8F072_Pwm_Demo\LED_188.c"
 Parameters:    Size  Location     Type
		None
 Auto vars:     Size  Location     Type
		None
 Return value:  Size  Location     Type
                  1    wreg      void 
 Registers used:
		wreg, status,2, status,0
 Tracked objects:
		On entry : 
		On exit  : 
		Unchanged: 
 Data sizes:     COMMON   BANK0   BANK1
      Params:         0       0       0
      Locals:         0       0       0
      Temps:          0       0       0
      Totals:         0       0       0
Total ram usage:        0 bytes
 Hardware stack levels used:    1
 Hardware stack levels required when called:    3
 This function calls:
		Nothing
 This function is called by:
		_Button_response
 This function uses a non-reentrant model


 *************** function _ADC_read *****************
 Defined at:
		line 299 in file "C:\Users\86135\Desktop\项目实践\project\SC8F072_Pwm_Demo\SC8F072_Pwm_Demo.c"
 Parameters:    Size  Location     Type
		None
 Auto vars:     Size  Location     Type
  power_temp      4   72[BANK0 ] volatile unsigned long 
 Return value:  Size  Location     Type
                  1    wreg      void 
 Registers used:
		wreg, status,2, status,0, pclath, cstack
 Tracked objects:
		On entry : 
		On exit  : 
		Unchanged: 
 Data sizes:     COMMON   BANK0   BANK1
      Params:         0       0       0
      Locals:         0       4       0
      Temps:          0       1       0
      Totals:         0       5       0
Total ram usage:        5 bytes
 Hardware stack levels used:    1
 Hardware stack levels required when called:    6
 This function calls:
		_ADC_Sample
		___ftadd
		___ftdiv
		___fttol
		___lwtoft
 This function is called by:
		_main
 This function uses a non-reentrant model


 *************** function ___ftdiv *****************
 Defined at:
		line 56 in file "C:\Users\86135\Desktop\项目实践\SCMCU_IDE_V2.00.15\SCMCU_IDE_V2.00.15\data\sources\common\ftdiv.c"
 Parameters:    Size  Location     Type
  f2              3   38[BANK0 ] float 
  f1              3   41[BANK0 ] float 
 Auto vars:     Size  Location     Type
  f3              3   48[BANK0 ] float 
  sign            1   52[BANK0 ] unsigned char 
  exp             1   51[BANK0 ] unsigned char 
  cntr            1   47[BANK0 ] unsigned char 
 Return value:  Size  Location     Type
                  3   38[BANK0 ] float 
 Registers used:
		wreg, status,2, status,0, pclath, cstack
 Tracked objects:
		On entry : 
		On exit  : 
		Unchanged: 
 Data sizes:     COMMON   BANK0   BANK1
      Params:         0       6       0
      Locals:         0       6       0
      Temps:          0       3       0
      Totals:         0      15       0
Total ram usage:       15 bytes
 Hardware stack levels used:    1
 Hardware stack levels required when called:    4
 This function calls:
		___ftpack
 This function is called by:
		_ADC_read
 This function uses a non-reentrant model


 *************** function _ADC_Sample *****************
 Defined at:
		line 228 in file "C:\Users\86135\Desktop\项目实践\project\SC8F072_Pwm_Demo\SC8F072_Pwm_Demo.c"
 Parameters:    Size  Location     Type
  adch            1    wreg     unsigned char 
  adldo           1   66[BANK0 ] unsigned char 
 Auto vars:     Size  Location     Type
  adch            1    1[BANK1 ] unsigned char 
  j               1    0[BANK1 ] unsigned char 
  adsum           4    7[BANK1 ] volatile unsigned long 
  ad_temp         2   11[BANK1 ] volatile unsigned int 
  admax           2    5[BANK1 ] volatile unsigned int 
  admin           2    3[BANK1 ] volatile unsigned int 
  i               1    2[BANK1 ] unsigned char 
 Return value:  Size  Location     Type
                  1    wreg      unsigned char 
 Registers used:
		wreg, status,2, status,0, pclath, cstack
 Tracked objects:
		On entry : 
		On exit  : 
		Unchanged: 
 Data sizes:     COMMON   BANK0   BANK1
      Params:         0       1       0
      Locals:         0       0      13
      Temps:          0       4       0
      Totals:         0       5      13
Total ram usage:       18 bytes
 Hardware stack levels used:    1
 Hardware stack levels required when called:    5
 This function calls:
		___ftadd
		___ftmul
		___fttol
		___lwtoft
 This function is called by:
		_ADC_read
 This function uses a non-reentrant model


 *************** function ___lwtoft *****************
 Defined at:
		line 28 in file "C:\Users\86135\Desktop\项目实践\SCMCU_IDE_V2.00.15\SCMCU_IDE_V2.00.15\data\sources\common\lwtoft.c"
 Parameters:    Size  Location     Type
  c               2    8[BANK0 ] unsigned int 
 Auto vars:     Size  Location     Type
		None
 Return value:  Size  Location     Type
                  3    8[BANK0 ] float 
 Registers used:
		wreg, status,2, status,0, pclath, cstack
 Tracked objects:
		On entry : 
		On exit  : 
		Unchanged: 
 Data sizes:     COMMON   BANK0   BANK1
      Params:         0       3       0
      Locals:         0       0       0
      Temps:          0       0       0
      Totals:         0       3       0
Total ram usage:        3 bytes
 Hardware stack levels used:    1
 Hardware stack levels required when called:    4
 This function calls:
		___ftpack
 This function is called by:
		_ADC_Sample
		_ADC_read
 This function uses a non-reentrant model


 *************** function ___fttol *****************
 Defined at:
		line 44 in file "C:\Users\86135\Desktop\项目实践\SCMCU_IDE_V2.00.15\SCMCU_IDE_V2.00.15\data\sources\common\fttol.c"
 Parameters:    Size  Location     Type
  f1              3   53[BANK0 ] float 
 Auto vars:     Size  Location     Type
  lval            4   61[BANK0 ] unsigned long 
  exp1            1   65[BANK0 ] unsigned char 
  sign1           1   60[BANK0 ] unsigned char 
 Return value:  Size  Location     Type
                  4   53[BANK0 ] long 
 Registers used:
		wreg, status,2, status,0
 Tracked objects:
		On entry : 
		On exit  : 
		Unchanged: 
 Data sizes:     COMMON   BANK0   BANK1
      Params:         0       4       0
      Locals:         0       6       0
      Temps:          0       3       0
      Totals:         0      13       0
Total ram usage:       13 bytes
 Hardware stack levels used:    1
 Hardware stack levels required when called:    3
 This function calls:
		Nothing
 This function is called by:
		_ADC_Sample
		_ADC_read
 This function uses a non-reentrant model


 *************** function ___ftmul *****************
 Defined at:
		line 62 in file "C:\Users\86135\Desktop\项目实践\SCMCU_IDE_V2.00.15\SCMCU_IDE_V2.00.15\data\sources\common\ftmul.c"
 Parameters:    Size  Location     Type
  f1              3   11[BANK0 ] float 
  f2              3   14[BANK0 ] float 
 Auto vars:     Size  Location     Type
  f3_as_produc    3   21[BANK0 ] unsigned um
  sign            1   25[BANK0 ] unsigned char 
  cntr            1   24[BANK0 ] unsigned char 
  exp             1   20[BANK0 ] unsigned char 
 Return value:  Size  Location     Type
                  3   11[BANK0 ] float 
 Registers used:
		wreg, status,2, status,0, pclath, cstack
 Tracked objects:
		On entry : 
		On exit  : 
		Unchanged: 
 Data sizes:     COMMON   BANK0   BANK1
      Params:         0       6       0
      Locals:         0       6       0
      Temps:          0       3       0
      Totals:         0      15       0
Total ram usage:       15 bytes
 Hardware stack levels used:    1
 Hardware stack levels required when called:    4
 This function calls:
		___ftpack
 This function is called by:
		_ADC_Sample
 This function uses a non-reentrant model


 *************** function ___ftadd *****************
 Defined at:
		line 86 in file "C:\Users\86135\Desktop\项目实践\SCMCU_IDE_V2.00.15\SCMCU_IDE_V2.00.15\data\sources\common\ftadd.c"
 Parameters:    Size  Location     Type
  f1              3   26[BANK0 ] float 
  f2              3   29[BANK0 ] float 
 Auto vars:     Size  Location     Type
  exp1            1   37[BANK0 ] unsigned char 
  exp2            1   36[BANK0 ] unsigned char 
  sign            1   35[BANK0 ] unsigned char 
 Return value:  Size  Location     Type
                  3   26[BANK0 ] float 
 Registers used:
		wreg, status,2, status,0, pclath, cstack
 Tracked objects:
		On entry : 
		On exit  : 
		Unchanged: 
 Data sizes:     COMMON   BANK0   BANK1
      Params:         0       6       0
      Locals:         0       3       0
      Temps:          0       3       0
      Totals:         0      12       0
Total ram usage:       12 bytes
 Hardware stack levels used:    1
 Hardware stack levels required when called:    4
 This function calls:
		___ftpack
 This function is called by:
		_ADC_Sample
		_ADC_read
 This function uses a non-reentrant model


 *************** function ___ftpack *****************
 Defined at:
		line 62 in file "C:\Users\86135\Desktop\项目实践\SCMCU_IDE_V2.00.15\SCMCU_IDE_V2.00.15\data\sources\common\float.c"
 Parameters:    Size  Location     Type
  arg             3    0[BANK0 ] unsigned um
  exp             1    3[BANK0 ] unsigned char 
  sign            1    4[BANK0 ] unsigned char 
 Auto vars:     Size  Location     Type
		None
 Return value:  Size  Location     Type
                  3    0[BANK0 ] float 
 Registers used:
		wreg, status,2, status,0
 Tracked objects:
		On entry : 
		On exit  : 
		Unchanged: 
 Data sizes:     COMMON   BANK0   BANK1
      Params:         0       5       0
      Locals:         0       0       0
      Temps:          0       3       0
      Totals:         0       8       0
Total ram usage:        8 bytes
 Hardware stack levels used:    1
 Hardware stack levels required when called:    3
 This function calls:
		Nothing
 This function is called by:
		___ftadd
		___ftdiv
		___ftmul
		___lwtoft
 This function uses a non-reentrant model


 *************** function _Isr_Timer *****************
 Defined at:
		line 390 in file "C:\Users\86135\Desktop\项目实践\project\SC8F072_Pwm_Demo\SC8F072_Pwm_Demo.c"
 Parameters:    Size  Location     Type
		None
 Auto vars:     Size  Location     Type
		None
 Return value:  Size  Location     Type
                  1    wreg      void 
 Registers used:
		wreg, fsr0l, fsr0h, status,2, status,0, pclath, cstack
 Tracked objects:
		On entry : 
		On exit  : 
		Unchanged: 
 Data sizes:     COMMON   BANK0   BANK1
      Params:         0       0       0
      Locals:         0       0       0
      Temps:          3       0       0
      Totals:         3       0       0
Total ram usage:        3 bytes
 Hardware stack levels used:    1
 Hardware stack levels required when called:    2
 This function calls:
		_Charge_num
		_Display
		_Uncharge_num
 This function is called by:
		Interrupt level 1
 This function uses a non-reentrant model


 *************** function _Uncharge_num *****************
 Defined at:
		line 25 in file "C:\Users\86135\Desktop\项目实践\project\SC8F072_Pwm_Demo\LED_188.c"
 Parameters:    Size  Location     Type
		None
 Auto vars:     Size  Location     Type
  hundred         1    9[COMMON] unsigned char 
 Return value:  Size  Location     Type
                  1    wreg      void 
 Registers used:
		wreg, status,2, status,0, pclath, cstack
 Tracked objects:
		On entry : 
		On exit  : 
		Unchanged: 
 Data sizes:     COMMON   BANK0   BANK1
      Params:         0       0       0
      Locals:         1       0       0
      Temps:          0       0       0
      Totals:         1       0       0
Total ram usage:        1 bytes
 Hardware stack levels used:    1
 Hardware stack levels required when called:    1
 This function calls:
		___lbdiv
		___lbmod
 This function is called by:
		_Isr_Timer
 This function uses a non-reentrant model


 *************** function _Display *****************
 Defined at:
		line 170 in file "C:\Users\86135\Desktop\项目实践\project\SC8F072_Pwm_Demo\LED_188.c"
 Parameters:    Size  Location     Type
		None
 Auto vars:     Size  Location     Type
		None
 Return value:  Size  Location     Type
                  1    wreg      void 
 Registers used:
		wreg, fsr0l, fsr0h, status,2, status,0, pclath, cstack
 Tracked objects:
		On entry : 
		On exit  : 
		Unchanged: 
 Data sizes:     COMMON   BANK0   BANK1
      Params:         0       0       0
      Locals:         0       0       0
      Temps:          0       0       0
      Totals:         0       0       0
Total ram usage:        0 bytes
 Hardware stack levels used:    1
 Hardware stack levels required when called:    1
 This function calls:
		_Display_Scan1
		_Display_Scan2
		_Display_Scan3
		_Display_Scan4
		_Display_Scan5
		_Set_AllPin_INPUT
 This function is called by:
		_Isr_Timer
 This function uses a non-reentrant model


 *************** function _Set_AllPin_INPUT *****************
 Defined at:
		line 85 in file "C:\Users\86135\Desktop\项目实践\project\SC8F072_Pwm_Demo\LED_188.c"
 Parameters:    Size  Location     Type
		None
 Auto vars:     Size  Location     Type
		None
 Return value:  Size  Location     Type
                  1    wreg      void 
 Registers used:
		None
 Tracked objects:
		On entry : 
		On exit  : 
		Unchanged: 
 Data sizes:     COMMON   BANK0   BANK1
      Params:         0       0       0
      Locals:         0       0       0
      Temps:          0       0       0
      Totals:         0       0       0
Total ram usage:        0 bytes
 Hardware stack levels used:    1
 This function calls:
		Nothing
 This function is called by:
		_Display
 This function uses a non-reentrant model


 *************** function _Display_Scan5 *****************
 Defined at:
		line 161 in file "C:\Users\86135\Desktop\项目实践\project\SC8F072_Pwm_Demo\LED_188.c"
 Parameters:    Size  Location     Type
		None
 Auto vars:     Size  Location     Type
		None
 Return value:  Size  Location     Type
                  1    wreg      void 
 Registers used:
		wreg, fsr0l, fsr0h, status,2, status,0
 Tracked objects:
		On entry : 
		On exit  : 
		Unchanged: 
 Data sizes:     COMMON   BANK0   BANK1
      Params:         0       0       0
      Locals:         0       0       0
      Temps:          0       0       0
      Totals:         0       0       0
Total ram usage:        0 bytes
 Hardware stack levels used:    1
 This function calls:
		Nothing
 This function is called by:
		_Display
 This function uses a non-reentrant model


 *************** function _Display_Scan4 *****************
 Defined at:
		line 147 in file "C:\Users\86135\Desktop\项目实践\project\SC8F072_Pwm_Demo\LED_188.c"
 Parameters:    Size  Location     Type
		None
 Auto vars:     Size  Location     Type
		None
 Return value:  Size  Location     Type
                  1    wreg      void 
 Registers used:
		wreg, fsr0l, fsr0h, status,2, status,0
 Tracked objects:
		On entry : 
		On exit  : 
		Unchanged: 
 Data sizes:     COMMON   BANK0   BANK1
      Params:         0       0       0
      Locals:         0       0       0
      Temps:          0       0       0
      Totals:         0       0       0
Total ram usage:        0 bytes
 Hardware stack levels used:    1
 This function calls:
		Nothing
 This function is called by:
		_Display
 This function uses a non-reentrant model


 *************** function _Display_Scan3 *****************
 Defined at:
		line 133 in file "C:\Users\86135\Desktop\项目实践\project\SC8F072_Pwm_Demo\LED_188.c"
 Parameters:    Size  Location     Type
		None
 Auto vars:     Size  Location     Type
		None
 Return value:  Size  Location     Type
                  1    wreg      void 
 Registers used:
		wreg, fsr0l, fsr0h, status,2, status,0
 Tracked objects:
		On entry : 
		On exit  : 
		Unchanged: 
 Data sizes:     COMMON   BANK0   BANK1
      Params:         0       0       0
      Locals:         0       0       0
      Temps:          0       0       0
      Totals:         0       0       0
Total ram usage:        0 bytes
 Hardware stack levels used:    1
 This function calls:
		Nothing
 This function is called by:
		_Display
 This function uses a non-reentrant model


 *************** function _Display_Scan2 *****************
 Defined at:
		line 119 in file "C:\Users\86135\Desktop\项目实践\project\SC8F072_Pwm_Demo\LED_188.c"
 Parameters:    Size  Location     Type
		None
 Auto vars:     Size  Location     Type
		None
 Return value:  Size  Location     Type
                  1    wreg      void 
 Registers used:
		wreg, fsr0l, fsr0h, status,2, status,0
 Tracked objects:
		On entry : 
		On exit  : 
		Unchanged: 
 Data sizes:     COMMON   BANK0   BANK1
      Params:         0       0       0
      Locals:         0       0       0
      Temps:          0       0       0
      Totals:         0       0       0
Total ram usage:        0 bytes
 Hardware stack levels used:    1
 This function calls:
		Nothing
 This function is called by:
		_Display
 This function uses a non-reentrant model


 *************** function _Display_Scan1 *****************
 Defined at:
		line 105 in file "C:\Users\86135\Desktop\项目实践\project\SC8F072_Pwm_Demo\LED_188.c"
 Parameters:    Size  Location     Type
		None
 Auto vars:     Size  Location     Type
		None
 Return value:  Size  Location     Type
                  1    wreg      void 
 Registers used:
		wreg, fsr0l, fsr0h, status,2, status,0
 Tracked objects:
		On entry : 
		On exit  : 
		Unchanged: 
 Data sizes:     COMMON   BANK0   BANK1
      Params:         0       0       0
      Locals:         0       0       0
      Temps:          0       0       0
      Totals:         0       0       0
Total ram usage:        0 bytes
 Hardware stack levels used:    1
 This function calls:
		Nothing
 This function is called by:
		_Display
 This function uses a non-reentrant model


 *************** function _Charge_num *****************
 Defined at:
		line 11 in file "C:\Users\86135\Desktop\项目实践\project\SC8F072_Pwm_Demo\LED_188.c"
 Parameters:    Size  Location     Type
		None
 Auto vars:     Size  Location     Type
  hundred         1    9[COMMON] unsigned char 
 Return value:  Size  Location     Type
                  1    wreg      void 
 Registers used:
		wreg, status,2, status,0, pclath, cstack
 Tracked objects:
		On entry : 
		On exit  : 
		Unchanged: 
 Data sizes:     COMMON   BANK0   BANK1
      Params:         0       0       0
      Locals:         1       0       0
      Temps:          0       0       0
      Totals:         1       0       0
Total ram usage:        1 bytes
 Hardware stack levels used:    1
 Hardware stack levels required when called:    1
 This function calls:
		___lbdiv
		___lbmod
 This function is called by:
		_Isr_Timer
 This function uses a non-reentrant model


 *************** function ___lbmod *****************
 Defined at:
		line 4 in file "C:\Users\86135\Desktop\项目实践\SCMCU_IDE_V2.00.15\SCMCU_IDE_V2.00.15\data\sources\common\lbmod.c"
 Parameters:    Size  Location     Type
  dividend        1    wreg     unsigned char 
  divisor         1    0[COMMON] unsigned char 
 Auto vars:     Size  Location     Type
  dividend        1    2[COMMON] unsigned char 
  rem             1    4[COMMON] unsigned char 
  counter         1    3[COMMON] unsigned char 
 Return value:  Size  Location     Type
                  1    wreg      unsigned char 
 Registers used:
		wreg, status,2, status,0
 Tracked objects:
		On entry : 
		On exit  : 
		Unchanged: 
 Data sizes:     COMMON   BANK0   BANK1
      Params:         1       0       0
      Locals:         3       0       0
      Temps:          1       0       0
      Totals:         5       0       0
Total ram usage:        5 bytes
 Hardware stack levels used:    1
 This function calls:
		Nothing
 This function is called by:
		_Charge_num
		_Uncharge_num
 This function uses a non-reentrant model


 *************** function ___lbdiv *****************
 Defined at:
		line 4 in file "C:\Users\86135\Desktop\项目实践\SCMCU_IDE_V2.00.15\SCMCU_IDE_V2.00.15\data\sources\common\lbdiv.c"
 Parameters:    Size  Location     Type
  dividend        1    wreg     unsigned char 
  divisor         1    5[COMMON] unsigned char 
 Auto vars:     Size  Location     Type
  dividend        1    6[COMMON] unsigned char 
  quotient        1    8[COMMON] unsigned char 
  counter         1    7[COMMON] unsigned char 
 Return value:  Size  Location     Type
                  1    wreg      unsigned char 
 Registers used:
		wreg, status,2, status,0
 Tracked objects:
		On entry : 
		On exit  : 
		Unchanged: 
 Data sizes:     COMMON   BANK0   BANK1
      Params:         1       0       0
      Locals:         3       0       0
      Temps:          0       0       0
      Totals:         4       0       0
Total ram usage:        4 bytes
 Hardware stack levels used:    1
 This function calls:
		Nothing
 This function is called by:
		_Charge_num
		_Uncharge_num
 This function uses a non-reentrant model



MODULE INFORMATION

Module		Function		Class		Link	Load	Size
C:\Users\86135\Desktop\项目实践\project\SC8F072_Pwm_Demo\SC8F072_Pwm_Demo.c
		_Button_response		CODE           	019B	0000	216
		_main          		CODE           	07CD	0000	13
		_ADC_read      		CODE           	041C	0000	91
		_Init_System   		CODE           	060C	0000	58
		_PWM_Init      		CODE           	0778	0000	23
		_ADC_Sample    		CODE           	003D	0000	260
		_Set_PWM       		CODE           	0645	0000	49
		_Isr_Timer     		CODE           	0335	0000	120

C:\Users\86135\Desktop\项目实践\project\SC8F072_Pwm_Demo\SC8F072_Pwm_Demo.c estimated size: 830

C:\Users\86135\Desktop\项目实践\SCMCU_IDE_V2.00.15\SCMCU_IDE_V2.00.15\data\sources\common\ftmul.c
		___ftmul       		CODE           	03AC	0000	92

C:\Users\86135\Desktop\项目实践\SCMCU_IDE_V2.00.15\SCMCU_IDE_V2.00.15\data\sources\common\ftmul.c estimated size: 92

C:\Users\86135\Desktop\项目实践\SCMCU_IDE_V2.00.15\SCMCU_IDE_V2.00.15\data\sources\common\awmod.c
		___awmod       		CODE           	05CF	0000	62

C:\Users\86135\Desktop\项目实践\SCMCU_IDE_V2.00.15\SCMCU_IDE_V2.00.15\data\sources\common\awmod.c estimated size: 62

C:\Users\86135\Desktop\项目实践\SCMCU_IDE_V2.00.15\SCMCU_IDE_V2.00.15\data\sources\common\ftdiv.c
		___ftdiv       		CODE           	0485	0000	99

C:\Users\86135\Desktop\项目实践\SCMCU_IDE_V2.00.15\SCMCU_IDE_V2.00.15\data\sources\common\ftdiv.c estimated size: 99

C:\Users\86135\Desktop\项目实践\SCMCU_IDE_V2.00.15\SCMCU_IDE_V2.00.15\data\sources\common\lwtoft.c
		___lwtoft      		CODE           	07B1	0000	17

C:\Users\86135\Desktop\项目实践\SCMCU_IDE_V2.00.15\SCMCU_IDE_V2.00.15\data\sources\common\lwtoft.c estimated size: 17

C:\Users\86135\Desktop\项目实践\SCMCU_IDE_V2.00.15\SCMCU_IDE_V2.00.15\data\sources\common\fttol.c
		___fttol       		CODE           	04EB	0000	88

C:\Users\86135\Desktop\项目实践\SCMCU_IDE_V2.00.15\SCMCU_IDE_V2.00.15\data\sources\common\fttol.c estimated size: 88

C:\Users\86135\Desktop\项目实践\SCMCU_IDE_V2.00.15\SCMCU_IDE_V2.00.15\data\sources\common\awdiv.c
		___awdiv       		CODE           	0549	0000	70

C:\Users\86135\Desktop\项目实践\SCMCU_IDE_V2.00.15\SCMCU_IDE_V2.00.15\data\sources\common\awdiv.c estimated size: 70

C:\Users\86135\Desktop\项目实践\project\SC8F072_Pwm_Demo\LED_188.c
		_Uncharge_num  		CODE           	078E	0000	19
		_Led_Gpio_Init 		CODE           	07FF	0000	2
		_Motor_num     		CODE           	07E9	0000	8
		_Set_AllPin_INPUT		CODE           	07E1	0000	2
		_Display       		CODE           	0697	0000	30
		_Charge_num    		CODE           	0675	0000	19
		_Display_Scan1 		CODE           	070B	0000	30
		_Display_Scan2 		CODE           	06EE	0000	30
		_Display_Scan3 		CODE           	06D1	0000	30
		_Display_Scan4 		CODE           	06B4	0000	30
		_Display_Scan5 		CODE           	07A0	0000	18

C:\Users\86135\Desktop\项目实践\project\SC8F072_Pwm_Demo\LED_188.c estimated size: 218

C:\Users\86135\Desktop\项目实践\SCMCU_IDE_V2.00.15\SCMCU_IDE_V2.00.15\data\sources\common\ftadd.c
		___ftadd       		CODE           	0277	0000	185

C:\Users\86135\Desktop\项目实践\SCMCU_IDE_V2.00.15\SCMCU_IDE_V2.00.15\data\sources\common\ftadd.c estimated size: 185

C:\Users\86135\Desktop\项目实践\SCMCU_IDE_V2.00.15\SCMCU_IDE_V2.00.15\data\sources\common\lbmod.c
		___lbmod       		CODE           	0728	0000	29

C:\Users\86135\Desktop\项目实践\SCMCU_IDE_V2.00.15\SCMCU_IDE_V2.00.15\data\sources\common\lbmod.c estimated size: 29

shared
		PL12           		CODE           	0186	0000	10
		PL8            		CODE           	017E	0000	9
		PL22           		CODE           	047E	0000	8
		PL32           		CODE           	0692	0000	6
		PL14           		CODE           	07E2	0000	8
		PL24           		CODE           	0687	0000	7
		__stringtab    		STRING         	07C1	0000	7
		PL34           		CODE           	0418	0000	5
		PL16           		CODE           	0476	0000	9
		PL26           		CODE           	032F	0000	7
		PL36           		CODE           	0196	0000	6
		PL18           		CODE           	018F	0000	8
		PL28           		CODE           	0412	0000	7
		PL38           		CODE           	05CA	0000	6
		__initialization		CODE           	000D	0000	47
		_duty_steps    		STRING         	07C7	0000	7
		PL2            		CODE           	0140	0000	33
		PL10           		CODE           	0272	0000	6
		PL4            		CODE           	0160	0000	31
		PL20           		CODE           	0542	0000	8
		PL30           		CODE           	068D	0000	6
		PL6            		CODE           	0407	0000	12
		PL40           		CODE           	04E7	0000	5

shared estimated size: 258

C:\Users\86135\Desktop\项目实践\SCMCU_IDE_V2.00.15\SCMCU_IDE_V2.00.15\data\sources\common\float.c
		___ftpack      		CODE           	058E	0000	61

C:\Users\86135\Desktop\项目实践\SCMCU_IDE_V2.00.15\SCMCU_IDE_V2.00.15\data\sources\common\float.c estimated size: 61

C:\Users\86135\Desktop\项目实践\SCMCU_IDE_V2.00.15\SCMCU_IDE_V2.00.15\data\sources\common\Umul16.c
		___wmul        		CODE           	075F	0000	26

C:\Users\86135\Desktop\项目实践\SCMCU_IDE_V2.00.15\SCMCU_IDE_V2.00.15\data\sources\common\Umul16.c estimated size: 26

C:\Users\86135\Desktop\项目实践\SCMCU_IDE_V2.00.15\SCMCU_IDE_V2.00.15\data\sources\common\lbdiv.c
		___lbdiv       		CODE           	0744	0000	28

C:\Users\86135\Desktop\项目实践\SCMCU_IDE_V2.00.15\SCMCU_IDE_V2.00.15\data\sources\common\lbdiv.c estimated size: 28

