Microchip MPLAB XC8 Compiler V1.45 ()

Linker command line:

-W-9 \
  --edf=C:\Users\86135\Desktop\项目实践\SCMCU_IDE_V2.00.15\SCMCU_IDE_V2.00.15\data\dat\en_msgs.txt \
  -cs -h+SC8F072_Pwm_Demo.sym --cmf=SC8F072_Pwm_Demo.cmf -z -QSC8F072 \
  -oC:\Users\86135\AppData\Local\Temp\sjtk.2 -MSC8F072_Pwm_Demo.map -E1 \
  -ver=XC8 -ASTACK=0B3h-0efh -pstack=STACK -ACODE=00h-07FFh \
  -ASTRCODE=00h-07FFh -ASTRING=00h-0FFhx8 -ACONST=00h-0FFhx8 \
  -AENTRY=00h-0FFhx8 -ACOMMON=070h-07Fh -ABANK0=020h-06Fh -ABANK1=0A0h-0EFh \
  -ARAM=020h-06Fh,0A0h-0EFh -AABS1=020h-07Fh,0A0h-0EFh -ASFR0=00h-01Fh \
  -ASFR1=080h-09Fh -preset_vec=00h,intentry=04h,init,end_init \
  -ppowerup=CODE -pcinit=CODE -pfunctab=ENTRY -ACONFIG=02007h-02008h \
  -pconfig=CONFIG -DCONFIG=2 -AIDLOC=02000h-02003h -pidloc=IDLOC -DIDLOC=2 \
  -DCODE=2 -DSTRCODE=2 -DSTRING=2 -DCONST=2 -DENTRY=2 -k startup.obj \
  SC8F072_Pwm_Demo.obj 

Object code version is 3.11

Machine type is SC8F072



                Name                               Link     Load   Length Selector   Space Scale
startup.obj     end_init                              C        C        1        8       0
                reset_vec                             0        0        1        0       0
SC8F072_Pwm_Demo.obj
                cinit                                 D        D       31        8       0
                intentry                              4        4        8        8       0
                text28                              668      668       1B        8       0
                text27                              64C      64C       1C        8       0
                text26                              5BA      5BA       22        8       0
                text25                              630      630       1C        8       0
                text24                              614      614       1C        8       0
                text23                              5F8      5F8       1C        8       0
                text22                              5DC      5DC       1C        8       0
                text21                              6EE      6EE       10        8       0
                text20                              727      727        7      E18       0
                swtext4                             73D      73D        5      E5C       0
                text19                              683      683       1A        8       0
                text18                              6CC      6CC       12        8       0
                text17                              2EA      2EA       97        8       0
                text16                              13F      13F       ED        8       0
                text15                              4A7      4A7       41        8       0
                text14                              22C      22C       BE        8       0
                text13                              381      381       66        8       0
                text12                              449      449       5E        8       0
                text11                              6DE      6DE       10        8       0
                text10                              3E7      3E7       62        8       0
                text9                               720      720        7      E18       0
                text8                               590      590       2A        8       0
                text7                               69D      69D       19        8       0
                swtext3                             738      738        5      E5C       0
                text6                               55E      55E       32        8       0
                text5                               4E8      4E8       3D        8       0
                swtext2                             733      733        5      E5C       0
                swtext1                             72E      72E        5      E5C       0
                text4                                3E       3E      101        8       0
                text3                               525      525       39        8       0
                text2                               742      742        2      E84       0
                text1                               6B6      6B6       16        8       0
                maintext                            70C      70C        C      E18       0
                cstackBANK0                          20       20       38       20       1
                cstackCOMMON                         70       70        D       70       1
                clrtext                             718      718        8      E18       0
                dataBANK1                            A0       A0       11       A0       1
                bssBANK1                             B1       B1        2       A0       1
                dataBANK0                            6D       6D        2       20       1
                bssBANK0                             58       58       15       20       1
                dataCOMMON                           7D       7D        1       70       1
                strings                             700      700        C      E00       0

TOTAL           Name                               Link     Load   Length     Space
        CLASS   STACK          

        CLASS   CODE           
                end_init                              C        C        1         0
                cinit                                 D        D       31         0
                intentry                              4        4        8         0
                reset_vec                             0        0        1         0
                text28                              668      668       1B         0
                text27                              64C      64C       1C         0
                text26                              5BA      5BA       22         0
                text25                              630      630       1C         0
                text24                              614      614       1C         0
                text23                              5F8      5F8       1C         0
                text22                              5DC      5DC       1C         0
                text21                              6EE      6EE       10         0
                text20                              727      727        7         0
                text19                              683      683       1A         0
                text18                              6CC      6CC       12         0
                text17                              2EA      2EA       97         0
                text16                              13F      13F       ED         0
                text15                              4A7      4A7       41         0
                text14                              22C      22C       BE         0
                text13                              381      381       66         0
                text12                              449      449       5E         0
                text11                              6DE      6DE       10         0
                text10                              3E7      3E7       62         0
                text9                               720      720        7         0
                text8                               590      590       2A         0
                text7                               69D      69D       19         0
                text6                               55E      55E       32         0
                text5                               4E8      4E8       3D         0
                text4                                3E       3E      101         0
                text3                               525      525       39         0
                text2                               742      742        2         0
                text1                               6B6      6B6       16         0
                maintext                            70C      70C        C         0
                clrtext                             718      718        8         0

        CLASS   STRCODE        

        CLASS   STRING         
                strings                             700      700        C         0

        CLASS   CONST          
                swtext4                             73D      73D        5         0
                swtext3                             738      738        5         0
                swtext2                             733      733        5         0
                swtext1                             72E      72E        5         0

        CLASS   ENTRY          

        CLASS   COMMON         
                cstackCOMMON                         70       70        D         1
                dataCOMMON                           7D       7D        1         1

        CLASS   BANK0          
                cstackBANK0                          20       20       38         1
                dataBANK0                            6D       6D        2         1
                bssBANK0                             58       58       15         1

        CLASS   BANK1          
                dataBANK1                            A0       A0       11         1
                bssBANK1                             B1       B1        2         1

        CLASS   RAM            

        CLASS   ABS1           
                abs_s1                               7E       7E        2         1

        CLASS   SFR0           

        CLASS   SFR1           

        CLASS   CONFIG         

        CLASS   IDLOC          

        CLASS   EEDATA         



SEGMENTS        Name                           Load    Length   Top    Selector   Space  Class     Delta

                reset_vec                      000000  000001  000001         0       0  CODE        2
                intentry                       000004  0006FA  0006FE         8       0  CODE        2
                cstackBANK0                    000020  00004F  00006F        20       1  BANK0       1
                cstackCOMMON                   000070  00000E  00007E        70       1  COMMON      1
                dataBANK1                      0000A0  000013  0000B3        A0       1  BANK1       1
                strings                        000700  00000C  00070C       E00       0  STRING      2
                maintext                       00070C  000022  00072E       E18       0  CODE        2
                swtext1                        00072E  000014  000742       E5C       0  CONST       2
                text2                          000742  000002  000744       E84       0  CODE        2


UNUSED ADDRESS RANGES

        Name                Unused          Largest block    Delta
        BANK0            06F-06F             1           1
        BANK1            0B3-0EF            3D           1
        CODE             001-003             3           2
                         6FE-6FF             2
                         744-7FF            BC
        CONFIG           2007-2008             2           2
        CONST            001-003             3           2
                         6FE-6FF             2
                         744-7FF            BC
        ENTRY            001-003             3           2
                         6FE-6FF             2
                         744-7FF            BC
        IDLOC            2000-2003             4           2
        RAM              06F-06F             1           1
                         0B3-0EF            3D
        SFR0             000-01F            20           1
        SFR1             080-09F            20           1
        STACK            0B3-0EF            3D           1
        STRCODE          001-003             3           2
                         6FE-6FF             2
                         744-7FF            BC
        STRING           001-003             3           2
                         6FE-6FF             2
                         744-7FF            BC

                                  Symbol Table

?___awmod                  cstackBANK0  020
?___ftadd                  cstackBANK0  02B
?___ftdiv                  cstackBANK0  037
?___ftpack                 cstackBANK0  020
?___fttol                  cstackBANK0  046
?___lwdiv                  cstackBANK0  026
?___lwtoft                 cstackBANK0  028
?___wmul                   cstackBANK0  020
ADC_Sample@ad_temp         cstackBANK0  030
ADC_Sample@adch            cstackBANK0  026
ADC_Sample@adldo           cstackBANK0  020
ADC_Sample@admax           cstackBANK0  02E
ADC_Sample@admin           cstackBANK0  02C
ADC_Sample@adsum           cstackBANK0  028
ADC_Sample@i               cstackBANK0  027
ADC_Sample@j               cstackBANK0  025
ADC_read@power_temp        cstackBANK0  054
Charge_num@hundred         cstackCOMMON 079
Display@scan_cnt           bssBANK0     060
PL10                       text10       442
PL12                       text20       728
PL14                       text12       4A0
PL16                       text14       2E4
PL18                       text26       5CC
PL2                        text16       20F
PL20                       text4        137
PL22                       text4        13B
PL24                       text15       4E3
PL26                       text16       227
PL28                       text13       3E3
PL30                       text26       5D2
PL32                       text26       5D7
PL4                        text4        125
PL6                        text4        12E
PL8                        text16       21E
Set_PWM@channel            cstackBANK0  02E
Set_PWM@duty               cstackBANK0  02D
Set_PWM@pulse_width        cstackBANK0  02F
Uncharge_num@hundred       cstackCOMMON 079
_ADCON0                    (abs)        095
_ADCON1                    (abs)        096
_ADC_Flag                  bssBANK0     066
_ADC_Sample                text16       13F
_ADC_delay                 bssBANK0     05C
_ADC_read                  text10       3E7
_ADRESH                    (abs)        099
_ADRESL                    (abs)        098
_Button_response           text4        03E
_CHS4                      (abs)        4B6
_Charge_num                text26       5BA
_Display                   text19       683
_Display_Scan1             text25       630
_Display_Scan2             text24       614
_Display_Scan3             text23       5F8
_Display_Scan4             text22       5DC
_Display_Scan5             text21       6EE
_GIE                       (abs)        05F
_GODONE                    (abs)        4A9
_INTCON                    (abs)        00B
_IOCA                      (abs)        089
_IOCB                      (abs)        009
_Init_System               text3        525
_Isr_Timer                 text17       2EA
_LDO_EN                    (abs)        4B2
_LED_Key_counter           bssBANK0     058
_LED_lflag                 bssBANK0     062
_LED_num                   bssBANK0     069
_LED_sflag                 bssBANK0     061
_Led_Gpio_Init             text2        742
_Motor_num                 text9        720
_OPTION_REG                (abs)        001
_OSCCON                    (abs)        014
_PORTA                     (abs)        086
_PORTB                     (abs)        006
_PR2                       (abs)        011
_PWMCON0                   (abs)        015
_PWMCON1                   (abs)        016
_PWMCON2                   (abs)        01D
_PWMD01H                   (abs)        01E
_PWMD0L                    (abs)        019
_PWMD1L                    (abs)        01A
_PWMD23H                   (abs)        09E
_PWMD2L                    (abs)        09B
_PWMD3L                    (abs)        09C
_PWMD4L                    (abs)        01B
_PWMT4L                    (abs)        01C
_PWMTH                     (abs)        018
_PWMTL                     (abs)        017
_PWM_Init                  text1        6B6
_RAIE                      (abs)        073
_RAIF                      (abs)        06B
_RB0                       (abs)        030
_RB1                       (abs)        031
_RB2                       (abs)        032
_RB3                       (abs)        033
_RB4                       (abs)        034
_RBIE                      (abs)        05B
_RBIF                      (abs)        058
_Set_AllPin_INPUT          text20       727
_Set_PWM                   text6        55E
_T0IE                      (abs)        05D
_T0IF                      (abs)        05A
_T2CON                     (abs)        013
_TMR0                      (abs)        081
_TMR2IE                    (abs)        071
_TMR2IF                    (abs)        069
_TRISA                     (abs)        085
_TRISA0                    (abs)        428
_TRISA1                    (abs)        429
_TRISA2                    (abs)        42A
_TRISA4                    (abs)        42C
_TRISB                     (abs)        005
_TRISB0                    (abs)        028
_TRISB1                    (abs)        029
_TRISB2                    (abs)        02A
_TRISB3                    (abs)        02B
_TRISB4                    (abs)        02C
_T_flag                    bssBANK0     063
_Time_delay                bssBANK1     0B1
_Uncharge_num              text18       6CC
_WPDA                      (abs)        087
_WPDB                      (abs)        007
_WPUA                      (abs)        088
_WPUB                      (abs)        008
__Habs1                    abs1         000
__Hbank0                   bank0        000
__Hbank1                   bank1        000
__HbssBANK0                bssBANK0     000
__HbssBANK1                bssBANK1     000
__Hcinit                   cinit        03E
__Hclrtext                 clrtext      000
__Hcode                    code         000
__Hcommon                  common       000
__Hconfig                  config       000
__HcstackBANK0             cstackBANK0  000
__HcstackCOMMON            cstackCOMMON 000
__HdataBANK0               dataBANK0    000
__HdataBANK1               dataBANK1    000
__HdataCOMMON              dataCOMMON   000
__Heeprom_data             eeprom_data  000
__Hend_init                end_init     00D
__Hfunctab                 functab      000
__HidataBANK0              idataBANK0   000
__HidataBANK1              idataBANK1   000
__HidataCOMMON             idataCOMMON  000
__Hidloc                   idloc        000
__Hinit                    init         00C
__Hintentry                intentry     00C
__Hmaintext                maintext     000
__Hpa_nodes0               pa_nodes0    000
__Hpowerup                 powerup      000
__Hram                     ram          000
__Hreset_vec               reset_vec    001
__Hsfr0                    sfr0         000
__Hsfr1                    sfr1         000
__Hspace_0                 (abs)        744
__Hspace_1                 (abs)        0B3
__Hspace_2                 (abs)        000
__Hspace_3                 (abs)        000
__Hstack                   stack        000
__Hstrings                 strings      000
__Htext                    text         000
__Labs1                    abs1         000
__Lbank0                   bank0        000
__Lbank1                   bank1        000
__LbssBANK0                bssBANK0     000
__LbssBANK1                bssBANK1     000
__Lcinit                   cinit        00D
__Lclrtext                 clrtext      000
__Lcode                    code         000
__Lcommon                  common       000
__Lconfig                  config       000
__LcstackBANK0             cstackBANK0  000
__LcstackCOMMON            cstackCOMMON 000
__LdataBANK0               dataBANK0    000
__LdataBANK1               dataBANK1    000
__LdataCOMMON              dataCOMMON   000
__Leeprom_data             eeprom_data  000
__Lend_init                end_init     00C
__Lfunctab                 functab      000
__LidataBANK0              idataBANK0   000
__LidataBANK1              idataBANK1   000
__LidataCOMMON             idataCOMMON  000
__Lidloc                   idloc        000
__Linit                    init         00C
__Lintentry                intentry     004
__Lmaintext                maintext     000
__Lpa_nodes0               pa_nodes0    000
__Lpowerup                 powerup      000
__Lram                     ram          000
__Lreset_vec               reset_vec    000
__Lsfr0                    sfr0         000
__Lsfr1                    sfr1         000
__Lspace_0                 (abs)        000
__Lspace_1                 (abs)        000
__Lspace_2                 (abs)        000
__Lspace_3                 (abs)        000
__Lstack                   stack        000
__Lstrings                 strings      000
__Ltext                    text         000
__S0                       (abs)        744
__S1                       (abs)        0B3
__S2                       (abs)        000
___awmod                   text5        4E8
___awmod@counter           cstackBANK0  024
___awmod@dividend          cstackBANK0  022
___awmod@divisor           cstackBANK0  020
___awmod@sign              cstackBANK0  025
___ftadd                   text14       22C
___ftadd@exp1              cstackBANK0  036
___ftadd@exp2              cstackBANK0  035
___ftadd@f1                cstackBANK0  02B
___ftadd@f2                cstackBANK0  02E
___ftadd@sign              cstackBANK0  034
___ftdiv                   text13       381
___ftdiv@cntr              cstackBANK0  040
___ftdiv@exp               cstackBANK0  044
___ftdiv@f1                cstackBANK0  03A
___ftdiv@f2                cstackBANK0  037
___ftdiv@f3                cstackBANK0  041
___ftdiv@sign              cstackBANK0  045
___ftpack                  text15       4A7
___ftpack@arg              cstackBANK0  020
___ftpack@exp              cstackBANK0  023
___ftpack@sign             cstackBANK0  024
___fttol                   text12       449
___fttol@exp1              cstackBANK0  052
___fttol@f1                cstackBANK0  046
___fttol@lval              cstackBANK0  04E
___fttol@sign1             cstackBANK0  04D
___int_sp                  stack        000
___latbits                 (abs)        000
___lbdiv                   text28       668
___lbdiv@counter           cstackCOMMON 077
___lbdiv@dividend          cstackCOMMON 076
___lbdiv@divisor           cstackCOMMON 075
___lbdiv@quotient          cstackCOMMON 078
___lbmod                   text27       64C
___lbmod@counter           cstackCOMMON 073
___lbmod@dividend          cstackCOMMON 072
___lbmod@divisor           cstackCOMMON 070
___lbmod@rem               cstackCOMMON 074
___lwdiv                   text8        590
___lwdiv@counter           cstackBANK0  02C
___lwdiv@dividend          cstackBANK0  028
___lwdiv@divisor           cstackBANK0  026
___lwdiv@quotient          cstackBANK0  02A
___lwtoft                  text11       6DE
___lwtoft@c                cstackBANK0  028
___sp                      stack        000
___wmul                    text7        69D
___wmul@multiplicand       cstackBANK0  022
___wmul@multiplier         cstackBANK0  020
___wmul@product            cstackBANK0  024
__end_ofPL10               text10       449
__end_ofPL12               text20       72E
__end_ofPL14               text12       4A7
__end_ofPL16               text14       2EA
__end_ofPL18               text26       5D2
__end_ofPL2                text16       21E
__end_ofPL20               text4        13B
__end_ofPL22               text4        13F
__end_ofPL24               text15       4E8
__end_ofPL26               text16       22C
__end_ofPL28               text13       3E7
__end_ofPL30               text26       5D7
__end_ofPL32               text26       5DC
__end_ofPL4                text4        12E
__end_ofPL6                text4        137
__end_ofPL8                text16       227
__end_of_ADC_Sample        text16       20F
__end_of_ADC_read          text10       442
__end_of_Button_response   text4        125
__end_of_Charge_num        text26       5CC
__end_of_Display           text19       69D
__end_of_Display_Scan1     text25       64C
__end_of_Display_Scan2     text24       630
__end_of_Display_Scan3     text23       614
__end_of_Display_Scan4     text22       5F8
__end_of_Display_Scan5     text21       6FE
__end_of_Init_System       text3        55E
__end_of_Isr_Timer         text17       381
__end_of_Led_Gpio_Init     text2        744
__end_of_Motor_num         text9        727
__end_of_PWM_Init          text1        6CC
__end_of_Set_AllPin_INPUT  text20       728
__end_of_Set_PWM           text6        590
__end_of_Uncharge_num      text18       6DE
__end_of___awmod           text5        525
__end_of___ftadd           text14       2E4
__end_of___ftdiv           text13       3E3
__end_of___ftpack          text15       4E3
__end_of___fttol           text12       4A0
__end_of___lbdiv           text28       683
__end_of___lbmod           text27       668
__end_of___lwdiv           text8        5BA
__end_of___lwtoft          text11       6EE
__end_of___wmul            text7        6B6
__end_of__initialization   cinit        03C
__end_of__stringtab        strings      706
__end_of_duty_steps        strings      70C
__end_of_main              maintext     718
__initialization           cinit        00D
__pbssBANK0                bssBANK0     058
__pbssBANK1                bssBANK1     0B1
__pcstackBANK0             cstackBANK0  020
__pcstackCOMMON            cstackCOMMON 070
__pdataBANK0               dataBANK0    06D
__pdataBANK1               dataBANK1    0A0
__pdataCOMMON              dataCOMMON   07D
__pidataBANK0              idataBANK0   000
__pidataBANK1              idataBANK1   000
__pidataCOMMON             idataCOMMON  000
__pintentry                intentry     004
__pmaintext                maintext     70C
__pstrings                 strings      700
__pswtext1                 swtext1      72E
__pswtext2                 swtext2      733
__pswtext3                 swtext3      738
__pswtext4                 swtext4      73D
__ptext1                   text1        6B6
__ptext10                  text10       3E7
__ptext11                  text11       6DE
__ptext12                  text12       449
__ptext13                  text13       381
__ptext14                  text14       22C
__ptext15                  text15       4A7
__ptext16                  text16       13F
__ptext17                  text17       2EA
__ptext18                  text18       6CC
__ptext19                  text19       683
__ptext2                   text2        742
__ptext20                  text20       727
__ptext21                  text21       6EE
__ptext22                  text22       5DC
__ptext23                  text23       5F8
__ptext24                  text24       614
__ptext25                  text25       630
__ptext26                  text26       5BA
__ptext27                  text27       64C
__ptext28                  text28       668
__ptext3                   text3        525
__ptext4                   text4        03E
__ptext5                   text5        4E8
__ptext6                   text6        55E
__ptext7                   text7        69D
__ptext8                   text8        590
__ptext9                   text9        720
__size_of_ADC_Sample       (abs)        000
__size_of_ADC_read         (abs)        000
__size_of_Button_response  (abs)        000
__size_of_Charge_num       (abs)        000
__size_of_Display          (abs)        000
__size_of_Display_Scan1    (abs)        000
__size_of_Display_Scan2    (abs)        000
__size_of_Display_Scan3    (abs)        000
__size_of_Display_Scan4    (abs)        000
__size_of_Display_Scan5    (abs)        000
__size_of_Init_System      (abs)        000
__size_of_Isr_Timer        (abs)        000
__size_of_Led_Gpio_Init    (abs)        000
__size_of_Motor_num        (abs)        000
__size_of_PWM_Init         (abs)        000
__size_of_Set_AllPin_INPUT (abs)        000
__size_of_Set_PWM          (abs)        000
__size_of_Uncharge_num     (abs)        000
__size_of___awmod          (abs)        000
__size_of___ftadd          (abs)        000
__size_of___ftdiv          (abs)        000
__size_of___ftpack         (abs)        000
__size_of___fttol          (abs)        000
__size_of___lbdiv          (abs)        000
__size_of___lbmod          (abs)        000
__size_of___lwdiv          (abs)        000
__size_of___lwtoft         (abs)        000
__size_of___wmul           (abs)        000
__size_of_main             (abs)        000
__stringbase               strings      705
__stringtab                strings      700
_adresult                  bssBANK0     06B
_button_lflag              bssBANK0     064
_button_sflag              bssBANK0     065
_duty_steps                strings      706
_hundreds                  dataBANK0    06E
_long_press_counter        bssBANK0     05A
_main                      maintext     70C
_num_hund                  dataBANK1    0AC
_nums                      dataBANK1    0A0
_power_ad                  bssBANK0     05E
_power_percent             bssBANK0     067
_pwm_duty                  bssBANK0     06A
_tens                      dataCOMMON   07D
_test_adc                  bssBANK0     068
_unit                      dataBANK0    06D
btemp                      (abs)        07E
clear_ram0                 clrtext      718
end_of_initialization      cinit        03C
interrupt_function         intentry     004
intlevel0                  functab      000
intlevel1                  functab      000
intlevel2                  functab      000
intlevel3                  functab      000
intlevel4                  functab      000
intlevel5                  functab      000
reset_vec                  reset_vec    000
saved_w                    (abs)        07E
stackhi                    (abs)        000
stacklo                    (abs)        000
start                      init         00C
start_initialization       cinit        00D
wtemp0                     (abs)        07E


FUNCTION INFORMATION:

 *************** function _main *****************
 Defined at:
		line 81 in file "C:\Users\86135\Desktop\项目实践\project\SC8F072_Pwm_double_key\SC8F072_Pwm_Demo.c"
 Parameters:    Size  Location     Type
		None
 Auto vars:     Size  Location     Type
		None
 Return value:  Size  Location     Type
                  1    wreg      void 
 Registers used:
		wreg, fsr0l, fsr0h, status,2, status,0, pclath, cstack
 Tracked objects:
		On entry : 
		On exit  : 
		Unchanged: 
 Data sizes:     COMMON   BANK0   BANK1
      Params:         0       0       0
      Locals:         0       0       0
      Temps:          0       0       0
      Totals:         0       0       0
Total ram usage:        0 bytes
 Hardware stack levels required when called:    6
 This function calls:
		_ADC_read
		_Button_response
		_Init_System
		_Led_Gpio_Init
		_PWM_Init
 This function is called by:
		Startup code after reset
 This function uses a non-reentrant model


 *************** function _PWM_Init *****************
 Defined at:
		line 4 in file "C:\Users\86135\Desktop\项目实践\project\SC8F072_Pwm_double_key\PWM.c"
 Parameters:    Size  Location     Type
		None
 Auto vars:     Size  Location     Type
		None
 Return value:  Size  Location     Type
                  1    wreg      void 
 Registers used:
		wreg, status,2
 Tracked objects:
		On entry : 
		On exit  : 
		Unchanged: 
 Data sizes:     COMMON   BANK0   BANK1
      Params:         0       0       0
      Locals:         0       0       0
      Temps:          0       0       0
      Totals:         0       0       0
Total ram usage:        0 bytes
 Hardware stack levels used:    1
 Hardware stack levels required when called:    3
 This function calls:
		Nothing
 This function is called by:
		_main
 This function uses a non-reentrant model


 *************** function _Led_Gpio_Init *****************
 Defined at:
		line 76 in file "C:\Users\86135\Desktop\项目实践\project\SC8F072_Pwm_double_key\LED_188.c"
 Parameters:    Size  Location     Type
		None
 Auto vars:     Size  Location     Type
		None
 Return value:  Size  Location     Type
                  1    wreg      void 
 Registers used:
		None
 Tracked objects:
		On entry : 
		On exit  : 
		Unchanged: 
 Data sizes:     COMMON   BANK0   BANK1
      Params:         0       0       0
      Locals:         0       0       0
      Temps:          0       0       0
      Totals:         0       0       0
Total ram usage:        0 bytes
 Hardware stack levels used:    1
 Hardware stack levels required when called:    3
 This function calls:
		Nothing
 This function is called by:
		_main
 This function uses a non-reentrant model


 *************** function _Init_System *****************
 Defined at:
		line 130 in file "C:\Users\86135\Desktop\项目实践\project\SC8F072_Pwm_double_key\SC8F072_Pwm_Demo.c"
 Parameters:    Size  Location     Type
		None
 Auto vars:     Size  Location     Type
		None
 Return value:  Size  Location     Type
                  1    wreg      void 
 Registers used:
		wreg, status,2
 Tracked objects:
		On entry : 
		On exit  : 
		Unchanged: 
 Data sizes:     COMMON   BANK0   BANK1
      Params:         0       0       0
      Locals:         0       0       0
      Temps:          0       0       0
      Totals:         0       0       0
Total ram usage:        0 bytes
 Hardware stack levels used:    1
 Hardware stack levels required when called:    3
 This function calls:
		Nothing
 This function is called by:
		_main
 This function uses a non-reentrant model


 *************** function _Button_response *****************
 Defined at:
		line 50 in file "C:\Users\86135\Desktop\项目实践\project\SC8F072_Pwm_double_key\KEY.c"
 Parameters:    Size  Location     Type
		None
 Auto vars:     Size  Location     Type
		None
 Return value:  Size  Location     Type
                  1    wreg      void 
 Registers used:
		wreg, fsr0l, fsr0h, status,2, status,0, pclath, cstack
 Tracked objects:
		On entry : 
		On exit  : 
		Unchanged: 
 Data sizes:     COMMON   BANK0   BANK1
      Params:         0       0       0
      Locals:         0       0       0
      Temps:          0       0       0
      Totals:         0       0       0
Total ram usage:        0 bytes
 Hardware stack levels used:    1
 Hardware stack levels required when called:    5
 This function calls:
		_Motor_num
		_Set_PWM
		___awmod
 This function is called by:
		_main
 This function uses a non-reentrant model


 *************** function ___awmod *****************
 Defined at:
		line 6 in file "C:\Users\86135\Desktop\项目实践\SCMCU_IDE_V2.00.15\SCMCU_IDE_V2.00.15\data\sources\common\awmod.c"
 Parameters:    Size  Location     Type
  divisor         2    0[BANK0 ] int 
  dividend        2    2[BANK0 ] int 
 Auto vars:     Size  Location     Type
  sign            1    5[BANK0 ] unsigned char 
  counter         1    4[BANK0 ] unsigned char 
 Return value:  Size  Location     Type
                  2    0[BANK0 ] int 
 Registers used:
		wreg, status,2, status,0
 Tracked objects:
		On entry : 
		On exit  : 
		Unchanged: 
 Data sizes:     COMMON   BANK0   BANK1
      Params:         0       4       0
      Locals:         0       2       0
      Temps:          0       0       0
      Totals:         0       6       0
Total ram usage:        6 bytes
 Hardware stack levels used:    1
 Hardware stack levels required when called:    3
 This function calls:
		Nothing
 This function is called by:
		_Button_response
 This function uses a non-reentrant model


 *************** function _Set_PWM *****************
 Defined at:
		line 55 in file "C:\Users\86135\Desktop\项目实践\project\SC8F072_Pwm_double_key\PWM.c"
 Parameters:    Size  Location     Type
  channel         1    wreg     unsigned char 
  duty            1   13[BANK0 ] unsigned char 
 Auto vars:     Size  Location     Type
  channel         1   14[BANK0 ] unsigned char 
  pulse_width     2   15[BANK0 ] unsigned short 
 Return value:  Size  Location     Type
                  1    wreg      void 
 Registers used:
		wreg, fsr0l, fsr0h, status,2, status,0, pclath, cstack
 Tracked objects:
		On entry : 
		On exit  : 
		Unchanged: 
 Data sizes:     COMMON   BANK0   BANK1
      Params:         0       1       0
      Locals:         0       3       0
      Temps:          0       0       0
      Totals:         0       4       0
Total ram usage:        4 bytes
 Hardware stack levels used:    1
 Hardware stack levels required when called:    4
 This function calls:
		___lwdiv
		___wmul
 This function is called by:
		_Button_response
 This function uses a non-reentrant model


 *************** function ___wmul *****************
 Defined at:
		line 15 in file "C:\Users\86135\Desktop\项目实践\SCMCU_IDE_V2.00.15\SCMCU_IDE_V2.00.15\data\sources\common\Umul16.c"
 Parameters:    Size  Location     Type
  multiplier      2    0[BANK0 ] unsigned int 
  multiplicand    2    2[BANK0 ] unsigned int 
 Auto vars:     Size  Location     Type
  product         2    4[BANK0 ] unsigned int 
 Return value:  Size  Location     Type
                  2    0[BANK0 ] unsigned int 
 Registers used:
		wreg, status,2, status,0
 Tracked objects:
		On entry : 
		On exit  : 
		Unchanged: 
 Data sizes:     COMMON   BANK0   BANK1
      Params:         0       4       0
      Locals:         0       2       0
      Temps:          0       0       0
      Totals:         0       6       0
Total ram usage:        6 bytes
 Hardware stack levels used:    1
 Hardware stack levels required when called:    3
 This function calls:
		Nothing
 This function is called by:
		_Set_PWM
 This function uses a non-reentrant model


 *************** function ___lwdiv *****************
 Defined at:
		line 6 in file "C:\Users\86135\Desktop\项目实践\SCMCU_IDE_V2.00.15\SCMCU_IDE_V2.00.15\data\sources\common\lwdiv.c"
 Parameters:    Size  Location     Type
  divisor         2    6[BANK0 ] unsigned int 
  dividend        2    8[BANK0 ] unsigned int 
 Auto vars:     Size  Location     Type
  quotient        2   10[BANK0 ] unsigned int 
  counter         1   12[BANK0 ] unsigned char 
 Return value:  Size  Location     Type
                  2    6[BANK0 ] unsigned int 
 Registers used:
		wreg, status,2, status,0
 Tracked objects:
		On entry : 
		On exit  : 
		Unchanged: 
 Data sizes:     COMMON   BANK0   BANK1
      Params:         0       4       0
      Locals:         0       3       0
      Temps:          0       0       0
      Totals:         0       7       0
Total ram usage:        7 bytes
 Hardware stack levels used:    1
 Hardware stack levels required when called:    3
 This function calls:
		Nothing
 This function is called by:
		_Set_PWM
 This function uses a non-reentrant model


 *************** function _Motor_num *****************
 Defined at:
		line 39 in file "C:\Users\86135\Desktop\项目实践\project\SC8F072_Pwm_double_key\LED_188.c"
 Parameters:    Size  Location     Type
		None
 Auto vars:     Size  Location     Type
		None
 Return value:  Size  Location     Type
                  1    wreg      void 
 Registers used:
		wreg, status,2, status,0
 Tracked objects:
		On entry : 
		On exit  : 
		Unchanged: 
 Data sizes:     COMMON   BANK0   BANK1
      Params:         0       0       0
      Locals:         0       0       0
      Temps:          0       0       0
      Totals:         0       0       0
Total ram usage:        0 bytes
 Hardware stack levels used:    1
 Hardware stack levels required when called:    3
 This function calls:
		Nothing
 This function is called by:
		_Button_response
 This function uses a non-reentrant model


 *************** function _ADC_read *****************
 Defined at:
		line 259 in file "C:\Users\86135\Desktop\项目实践\project\SC8F072_Pwm_double_key\SC8F072_Pwm_Demo.c"
 Parameters:    Size  Location     Type
		None
 Auto vars:     Size  Location     Type
  power_temp      4   52[BANK0 ] volatile unsigned long 
 Return value:  Size  Location     Type
                  1    wreg      unsigned char 
 Registers used:
		wreg, status,2, status,0, pclath, cstack
 Tracked objects:
		On entry : 
		On exit  : 
		Unchanged: 
 Data sizes:     COMMON   BANK0   BANK1
      Params:         0       0       0
      Locals:         0       4       0
      Temps:          0       1       0
      Totals:         0       5       0
Total ram usage:        5 bytes
 Hardware stack levels used:    1
 Hardware stack levels required when called:    5
 This function calls:
		_ADC_Sample
		___ftadd
		___ftdiv
		___fttol
		___lwtoft
 This function is called by:
		_main
 This function uses a non-reentrant model


 *************** function ___lwtoft *****************
 Defined at:
		line 28 in file "C:\Users\86135\Desktop\项目实践\SCMCU_IDE_V2.00.15\SCMCU_IDE_V2.00.15\data\sources\common\lwtoft.c"
 Parameters:    Size  Location     Type
  c               2    8[BANK0 ] unsigned int 
 Auto vars:     Size  Location     Type
		None
 Return value:  Size  Location     Type
                  3    8[BANK0 ] float 
 Registers used:
		wreg, status,2, status,0, pclath, cstack
 Tracked objects:
		On entry : 
		On exit  : 
		Unchanged: 
 Data sizes:     COMMON   BANK0   BANK1
      Params:         0       3       0
      Locals:         0       0       0
      Temps:          0       0       0
      Totals:         0       3       0
Total ram usage:        3 bytes
 Hardware stack levels used:    1
 Hardware stack levels required when called:    4
 This function calls:
		___ftpack
 This function is called by:
		_ADC_read
 This function uses a non-reentrant model


 *************** function ___fttol *****************
 Defined at:
		line 44 in file "C:\Users\86135\Desktop\项目实践\SCMCU_IDE_V2.00.15\SCMCU_IDE_V2.00.15\data\sources\common\fttol.c"
 Parameters:    Size  Location     Type
  f1              3   38[BANK0 ] float 
 Auto vars:     Size  Location     Type
  lval            4   46[BANK0 ] unsigned long 
  exp1            1   50[BANK0 ] unsigned char 
  sign1           1   45[BANK0 ] unsigned char 
 Return value:  Size  Location     Type
                  4   38[BANK0 ] long 
 Registers used:
		wreg, status,2, status,0
 Tracked objects:
		On entry : 
		On exit  : 
		Unchanged: 
 Data sizes:     COMMON   BANK0   BANK1
      Params:         0       4       0
      Locals:         0       6       0
      Temps:          0       3       0
      Totals:         0      13       0
Total ram usage:       13 bytes
 Hardware stack levels used:    1
 Hardware stack levels required when called:    3
 This function calls:
		Nothing
 This function is called by:
		_ADC_read
 This function uses a non-reentrant model


 *************** function ___ftdiv *****************
 Defined at:
		line 56 in file "C:\Users\86135\Desktop\项目实践\SCMCU_IDE_V2.00.15\SCMCU_IDE_V2.00.15\data\sources\common\ftdiv.c"
 Parameters:    Size  Location     Type
  f2              3   23[BANK0 ] float 
  f1              3   26[BANK0 ] float 
 Auto vars:     Size  Location     Type
  f3              3   33[BANK0 ] float 
  sign            1   37[BANK0 ] unsigned char 
  exp             1   36[BANK0 ] unsigned char 
  cntr            1   32[BANK0 ] unsigned char 
 Return value:  Size  Location     Type
                  3   23[BANK0 ] float 
 Registers used:
		wreg, status,2, status,0, pclath, cstack
 Tracked objects:
		On entry : 
		On exit  : 
		Unchanged: 
 Data sizes:     COMMON   BANK0   BANK1
      Params:         0       6       0
      Locals:         0       6       0
      Temps:          0       3       0
      Totals:         0      15       0
Total ram usage:       15 bytes
 Hardware stack levels used:    1
 Hardware stack levels required when called:    4
 This function calls:
		___ftpack
 This function is called by:
		_ADC_read
 This function uses a non-reentrant model


 *************** function ___ftadd *****************
 Defined at:
		line 86 in file "C:\Users\86135\Desktop\项目实践\SCMCU_IDE_V2.00.15\SCMCU_IDE_V2.00.15\data\sources\common\ftadd.c"
 Parameters:    Size  Location     Type
  f1              3   11[BANK0 ] float 
  f2              3   14[BANK0 ] float 
 Auto vars:     Size  Location     Type
  exp1            1   22[BANK0 ] unsigned char 
  exp2            1   21[BANK0 ] unsigned char 
  sign            1   20[BANK0 ] unsigned char 
 Return value:  Size  Location     Type
                  3   11[BANK0 ] float 
 Registers used:
		wreg, status,2, status,0, pclath, cstack
 Tracked objects:
		On entry : 
		On exit  : 
		Unchanged: 
 Data sizes:     COMMON   BANK0   BANK1
      Params:         0       6       0
      Locals:         0       3       0
      Temps:          0       3       0
      Totals:         0      12       0
Total ram usage:       12 bytes
 Hardware stack levels used:    1
 Hardware stack levels required when called:    4
 This function calls:
		___ftpack
 This function is called by:
		_ADC_read
 This function uses a non-reentrant model


 *************** function ___ftpack *****************
 Defined at:
		line 62 in file "C:\Users\86135\Desktop\项目实践\SCMCU_IDE_V2.00.15\SCMCU_IDE_V2.00.15\data\sources\common\float.c"
 Parameters:    Size  Location     Type
  arg             3    0[BANK0 ] unsigned um
  exp             1    3[BANK0 ] unsigned char 
  sign            1    4[BANK0 ] unsigned char 
 Auto vars:     Size  Location     Type
		None
 Return value:  Size  Location     Type
                  3    0[BANK0 ] float 
 Registers used:
		wreg, status,2, status,0
 Tracked objects:
		On entry : 
		On exit  : 
		Unchanged: 
 Data sizes:     COMMON   BANK0   BANK1
      Params:         0       5       0
      Locals:         0       0       0
      Temps:          0       3       0
      Totals:         0       8       0
Total ram usage:        8 bytes
 Hardware stack levels used:    1
 Hardware stack levels required when called:    3
 This function calls:
		Nothing
 This function is called by:
		___ftadd
		___ftdiv
		___lwtoft
 This function uses a non-reentrant model


 *************** function _ADC_Sample *****************
 Defined at:
		line 199 in file "C:\Users\86135\Desktop\项目实践\project\SC8F072_Pwm_double_key\SC8F072_Pwm_Demo.c"
 Parameters:    Size  Location     Type
  adch            1    wreg     unsigned char 
  adldo           1    0[BANK0 ] unsigned char 
 Auto vars:     Size  Location     Type
  adch            1    6[BANK0 ] unsigned char 
  j               1    5[BANK0 ] unsigned char 
  adsum           4    8[BANK0 ] volatile unsigned long 
  ad_temp         2   16[BANK0 ] volatile unsigned int 
  admax           2   14[BANK0 ] volatile unsigned int 
  admin           2   12[BANK0 ] volatile unsigned int 
  i               1    7[BANK0 ] unsigned char 
 Return value:  Size  Location     Type
                  1    wreg      unsigned char 
 Registers used:
		wreg, status,2, status,0
 Tracked objects:
		On entry : 
		On exit  : 
		Unchanged: 
 Data sizes:     COMMON   BANK0   BANK1
      Params:         0       1       0
      Locals:         0      13       0
      Temps:          0       4       0
      Totals:         0      18       0
Total ram usage:       18 bytes
 Hardware stack levels used:    1
 Hardware stack levels required when called:    3
 This function calls:
		Nothing
 This function is called by:
		_ADC_read
 This function uses a non-reentrant model


 *************** function _Isr_Timer *****************
 Defined at:
		line 283 in file "C:\Users\86135\Desktop\项目实践\project\SC8F072_Pwm_double_key\SC8F072_Pwm_Demo.c"
 Parameters:    Size  Location     Type
		None
 Auto vars:     Size  Location     Type
		None
 Return value:  Size  Location     Type
                  1    wreg      void 
 Registers used:
		wreg, fsr0l, fsr0h, status,2, status,0, pclath, cstack
 Tracked objects:
		On entry : 
		On exit  : 
		Unchanged: 
 Data sizes:     COMMON   BANK0   BANK1
      Params:         0       0       0
      Locals:         0       0       0
      Temps:          3       0       0
      Totals:         3       0       0
Total ram usage:        3 bytes
 Hardware stack levels used:    1
 Hardware stack levels required when called:    2
 This function calls:
		_Charge_num
		_Display
		_Uncharge_num
 This function is called by:
		Interrupt level 1
 This function uses a non-reentrant model


 *************** function _Uncharge_num *****************
 Defined at:
		line 25 in file "C:\Users\86135\Desktop\项目实践\project\SC8F072_Pwm_double_key\LED_188.c"
 Parameters:    Size  Location     Type
		None
 Auto vars:     Size  Location     Type
  hundred         1    9[COMMON] unsigned char 
 Return value:  Size  Location     Type
                  1    wreg      void 
 Registers used:
		wreg, status,2, status,0, pclath, cstack
 Tracked objects:
		On entry : 
		On exit  : 
		Unchanged: 
 Data sizes:     COMMON   BANK0   BANK1
      Params:         0       0       0
      Locals:         1       0       0
      Temps:          0       0       0
      Totals:         1       0       0
Total ram usage:        1 bytes
 Hardware stack levels used:    1
 Hardware stack levels required when called:    1
 This function calls:
		___lbdiv
		___lbmod
 This function is called by:
		_Isr_Timer
 This function uses a non-reentrant model


 *************** function _Display *****************
 Defined at:
		line 170 in file "C:\Users\86135\Desktop\项目实践\project\SC8F072_Pwm_double_key\LED_188.c"
 Parameters:    Size  Location     Type
		None
 Auto vars:     Size  Location     Type
		None
 Return value:  Size  Location     Type
                  1    wreg      void 
 Registers used:
		wreg, fsr0l, fsr0h, status,2, status,0, pclath, cstack
 Tracked objects:
		On entry : 
		On exit  : 
		Unchanged: 
 Data sizes:     COMMON   BANK0   BANK1
      Params:         0       0       0
      Locals:         0       0       0
      Temps:          0       0       0
      Totals:         0       0       0
Total ram usage:        0 bytes
 Hardware stack levels used:    1
 Hardware stack levels required when called:    1
 This function calls:
		_Display_Scan1
		_Display_Scan2
		_Display_Scan3
		_Display_Scan4
		_Display_Scan5
		_Set_AllPin_INPUT
 This function is called by:
		_Isr_Timer
 This function uses a non-reentrant model


 *************** function _Set_AllPin_INPUT *****************
 Defined at:
		line 85 in file "C:\Users\86135\Desktop\项目实践\project\SC8F072_Pwm_double_key\LED_188.c"
 Parameters:    Size  Location     Type
		None
 Auto vars:     Size  Location     Type
		None
 Return value:  Size  Location     Type
                  1    wreg      void 
 Registers used:
		None
 Tracked objects:
		On entry : 
		On exit  : 
		Unchanged: 
 Data sizes:     COMMON   BANK0   BANK1
      Params:         0       0       0
      Locals:         0       0       0
      Temps:          0       0       0
      Totals:         0       0       0
Total ram usage:        0 bytes
 Hardware stack levels used:    1
 This function calls:
		Nothing
 This function is called by:
		_Display
 This function uses a non-reentrant model


 *************** function _Display_Scan5 *****************
 Defined at:
		line 161 in file "C:\Users\86135\Desktop\项目实践\project\SC8F072_Pwm_double_key\LED_188.c"
 Parameters:    Size  Location     Type
		None
 Auto vars:     Size  Location     Type
		None
 Return value:  Size  Location     Type
                  1    wreg      void 
 Registers used:
		wreg, fsr0l, fsr0h, status,2, status,0
 Tracked objects:
		On entry : 
		On exit  : 
		Unchanged: 
 Data sizes:     COMMON   BANK0   BANK1
      Params:         0       0       0
      Locals:         0       0       0
      Temps:          0       0       0
      Totals:         0       0       0
Total ram usage:        0 bytes
 Hardware stack levels used:    1
 This function calls:
		Nothing
 This function is called by:
		_Display
 This function uses a non-reentrant model


 *************** function _Display_Scan4 *****************
 Defined at:
		line 147 in file "C:\Users\86135\Desktop\项目实践\project\SC8F072_Pwm_double_key\LED_188.c"
 Parameters:    Size  Location     Type
		None
 Auto vars:     Size  Location     Type
		None
 Return value:  Size  Location     Type
                  1    wreg      void 
 Registers used:
		wreg, fsr0l, fsr0h, status,2, status,0
 Tracked objects:
		On entry : 
		On exit  : 
		Unchanged: 
 Data sizes:     COMMON   BANK0   BANK1
      Params:         0       0       0
      Locals:         0       0       0
      Temps:          0       0       0
      Totals:         0       0       0
Total ram usage:        0 bytes
 Hardware stack levels used:    1
 This function calls:
		Nothing
 This function is called by:
		_Display
 This function uses a non-reentrant model


 *************** function _Display_Scan3 *****************
 Defined at:
		line 133 in file "C:\Users\86135\Desktop\项目实践\project\SC8F072_Pwm_double_key\LED_188.c"
 Parameters:    Size  Location     Type
		None
 Auto vars:     Size  Location     Type
		None
 Return value:  Size  Location     Type
                  1    wreg      void 
 Registers used:
		wreg, fsr0l, fsr0h, status,2, status,0
 Tracked objects:
		On entry : 
		On exit  : 
		Unchanged: 
 Data sizes:     COMMON   BANK0   BANK1
      Params:         0       0       0
      Locals:         0       0       0
      Temps:          0       0       0
      Totals:         0       0       0
Total ram usage:        0 bytes
 Hardware stack levels used:    1
 This function calls:
		Nothing
 This function is called by:
		_Display
 This function uses a non-reentrant model


 *************** function _Display_Scan2 *****************
 Defined at:
		line 119 in file "C:\Users\86135\Desktop\项目实践\project\SC8F072_Pwm_double_key\LED_188.c"
 Parameters:    Size  Location     Type
		None
 Auto vars:     Size  Location     Type
		None
 Return value:  Size  Location     Type
                  1    wreg      void 
 Registers used:
		wreg, fsr0l, fsr0h, status,2, status,0
 Tracked objects:
		On entry : 
		On exit  : 
		Unchanged: 
 Data sizes:     COMMON   BANK0   BANK1
      Params:         0       0       0
      Locals:         0       0       0
      Temps:          0       0       0
      Totals:         0       0       0
Total ram usage:        0 bytes
 Hardware stack levels used:    1
 This function calls:
		Nothing
 This function is called by:
		_Display
 This function uses a non-reentrant model


 *************** function _Display_Scan1 *****************
 Defined at:
		line 105 in file "C:\Users\86135\Desktop\项目实践\project\SC8F072_Pwm_double_key\LED_188.c"
 Parameters:    Size  Location     Type
		None
 Auto vars:     Size  Location     Type
		None
 Return value:  Size  Location     Type
                  1    wreg      void 
 Registers used:
		wreg, fsr0l, fsr0h, status,2, status,0
 Tracked objects:
		On entry : 
		On exit  : 
		Unchanged: 
 Data sizes:     COMMON   BANK0   BANK1
      Params:         0       0       0
      Locals:         0       0       0
      Temps:          0       0       0
      Totals:         0       0       0
Total ram usage:        0 bytes
 Hardware stack levels used:    1
 This function calls:
		Nothing
 This function is called by:
		_Display
 This function uses a non-reentrant model


 *************** function _Charge_num *****************
 Defined at:
		line 11 in file "C:\Users\86135\Desktop\项目实践\project\SC8F072_Pwm_double_key\LED_188.c"
 Parameters:    Size  Location     Type
		None
 Auto vars:     Size  Location     Type
  hundred         1    9[COMMON] unsigned char 
 Return value:  Size  Location     Type
                  1    wreg      void 
 Registers used:
		wreg, status,2, status,0, pclath, cstack
 Tracked objects:
		On entry : 
		On exit  : 
		Unchanged: 
 Data sizes:     COMMON   BANK0   BANK1
      Params:         0       0       0
      Locals:         1       0       0
      Temps:          0       0       0
      Totals:         1       0       0
Total ram usage:        1 bytes
 Hardware stack levels used:    1
 Hardware stack levels required when called:    1
 This function calls:
		___lbdiv
		___lbmod
 This function is called by:
		_Isr_Timer
 This function uses a non-reentrant model


 *************** function ___lbmod *****************
 Defined at:
		line 4 in file "C:\Users\86135\Desktop\项目实践\SCMCU_IDE_V2.00.15\SCMCU_IDE_V2.00.15\data\sources\common\lbmod.c"
 Parameters:    Size  Location     Type
  dividend        1    wreg     unsigned char 
  divisor         1    0[COMMON] unsigned char 
 Auto vars:     Size  Location     Type
  dividend        1    2[COMMON] unsigned char 
  rem             1    4[COMMON] unsigned char 
  counter         1    3[COMMON] unsigned char 
 Return value:  Size  Location     Type
                  1    wreg      unsigned char 
 Registers used:
		wreg, status,2, status,0
 Tracked objects:
		On entry : 
		On exit  : 
		Unchanged: 
 Data sizes:     COMMON   BANK0   BANK1
      Params:         1       0       0
      Locals:         3       0       0
      Temps:          1       0       0
      Totals:         5       0       0
Total ram usage:        5 bytes
 Hardware stack levels used:    1
 This function calls:
		Nothing
 This function is called by:
		_Charge_num
		_Uncharge_num
 This function uses a non-reentrant model


 *************** function ___lbdiv *****************
 Defined at:
		line 4 in file "C:\Users\86135\Desktop\项目实践\SCMCU_IDE_V2.00.15\SCMCU_IDE_V2.00.15\data\sources\common\lbdiv.c"
 Parameters:    Size  Location     Type
  dividend        1    wreg     unsigned char 
  divisor         1    5[COMMON] unsigned char 
 Auto vars:     Size  Location     Type
  dividend        1    6[COMMON] unsigned char 
  quotient        1    8[COMMON] unsigned char 
  counter         1    7[COMMON] unsigned char 
 Return value:  Size  Location     Type
                  1    wreg      unsigned char 
 Registers used:
		wreg, status,2, status,0
 Tracked objects:
		On entry : 
		On exit  : 
		Unchanged: 
 Data sizes:     COMMON   BANK0   BANK1
      Params:         1       0       0
      Locals:         3       0       0
      Temps:          0       0       0
      Totals:         4       0       0
Total ram usage:        4 bytes
 Hardware stack levels used:    1
 This function calls:
		Nothing
 This function is called by:
		_Charge_num
		_Uncharge_num
 This function uses a non-reentrant model



MODULE INFORMATION

Module		Function		Class		Link	Load	Size
C:\Users\86135\Desktop\项目实践\project\SC8F072_Pwm_double_key\PWM.c
		_PWM_Init      		CODE           	06B6	0000	23
		_Set_PWM       		CODE           	055E	0000	51

C:\Users\86135\Desktop\项目实践\project\SC8F072_Pwm_double_key\PWM.c estimated size: 74

C:\Users\86135\Desktop\项目实践\SCMCU_IDE_V2.00.15\SCMCU_IDE_V2.00.15\data\sources\common\awmod.c
		___awmod       		CODE           	04E8	0000	62

C:\Users\86135\Desktop\项目实践\SCMCU_IDE_V2.00.15\SCMCU_IDE_V2.00.15\data\sources\common\awmod.c estimated size: 62

C:\Users\86135\Desktop\项目实践\project\SC8F072_Pwm_double_key\LED_188.c
		_Uncharge_num  		CODE           	06CC	0000	19
		_Led_Gpio_Init 		CODE           	0742	0000	3
		_Motor_num     		CODE           	0720	0000	8
		_Set_AllPin_INPUT		CODE           	0727	0000	2
		_Display       		CODE           	0683	0000	27
		_Charge_num    		CODE           	05BA	0000	19
		_Display_Scan1 		CODE           	0630	0000	29
		_Display_Scan2 		CODE           	0614	0000	29
		_Display_Scan3 		CODE           	05F8	0000	29
		_Display_Scan4 		CODE           	05DC	0000	29
		_Display_Scan5 		CODE           	06EE	0000	17

C:\Users\86135\Desktop\项目实践\project\SC8F072_Pwm_double_key\LED_188.c estimated size: 211

C:\Users\86135\Desktop\项目实践\SCMCU_IDE_V2.00.15\SCMCU_IDE_V2.00.15\data\sources\common\ftdiv.c
		___ftdiv       		CODE           	0381	0000	99

C:\Users\86135\Desktop\项目实践\SCMCU_IDE_V2.00.15\SCMCU_IDE_V2.00.15\data\sources\common\ftdiv.c estimated size: 99

C:\Users\86135\Desktop\项目实践\project\SC8F072_Pwm_double_key\KEY.c
		_Button_response		CODE           	003E	0000	232

C:\Users\86135\Desktop\项目实践\project\SC8F072_Pwm_double_key\KEY.c estimated size: 232

C:\Users\86135\Desktop\项目实践\project\SC8F072_Pwm_double_key\SC8F072_Pwm_Demo.c
		_main          		CODE           	070C	0000	13
		_ADC_read      		CODE           	03E7	0000	92
		_Init_System   		CODE           	0525	0000	58
		_ADC_Sample    		CODE           	013F	0000	209
		_Isr_Timer     		CODE           	02EA	0000	152

C:\Users\86135\Desktop\项目实践\project\SC8F072_Pwm_double_key\SC8F072_Pwm_Demo.c estimated size: 524

C:\Users\86135\Desktop\项目实践\SCMCU_IDE_V2.00.15\SCMCU_IDE_V2.00.15\data\sources\common\lwtoft.c
		___lwtoft      		CODE           	06DE	0000	17

C:\Users\86135\Desktop\项目实践\SCMCU_IDE_V2.00.15\SCMCU_IDE_V2.00.15\data\sources\common\lwtoft.c estimated size: 17

C:\Users\86135\Desktop\项目实践\SCMCU_IDE_V2.00.15\SCMCU_IDE_V2.00.15\data\sources\common\fttol.c
		___fttol       		CODE           	0449	0000	88

C:\Users\86135\Desktop\项目实践\SCMCU_IDE_V2.00.15\SCMCU_IDE_V2.00.15\data\sources\common\fttol.c estimated size: 88

C:\Users\86135\Desktop\项目实践\SCMCU_IDE_V2.00.15\SCMCU_IDE_V2.00.15\data\sources\common\lwdiv.c
		___lwdiv       		CODE           	0590	0000	43

C:\Users\86135\Desktop\项目实践\SCMCU_IDE_V2.00.15\SCMCU_IDE_V2.00.15\data\sources\common\lwdiv.c estimated size: 43

C:\Users\86135\Desktop\项目实践\SCMCU_IDE_V2.00.15\SCMCU_IDE_V2.00.15\data\sources\common\ftadd.c
		___ftadd       		CODE           	022C	0000	185

C:\Users\86135\Desktop\项目实践\SCMCU_IDE_V2.00.15\SCMCU_IDE_V2.00.15\data\sources\common\ftadd.c estimated size: 185

C:\Users\86135\Desktop\项目实践\SCMCU_IDE_V2.00.15\SCMCU_IDE_V2.00.15\data\sources\common\lbmod.c
		___lbmod       		CODE           	064C	0000	29

C:\Users\86135\Desktop\项目实践\SCMCU_IDE_V2.00.15\SCMCU_IDE_V2.00.15\data\sources\common\lbmod.c estimated size: 29

shared
		PL12           		CODE           	0728	0000	7
		PL8            		CODE           	021E	0000	10
		PL22           		CODE           	013B	0000	5
		PL32           		CODE           	05D7	0000	6
		PL14           		CODE           	04A0	0000	8
		PL24           		CODE           	04E3	0000	6
		__stringtab    		STRING         	0700	0000	7
		PL16           		CODE           	02E4	0000	7
		PL26           		CODE           	0227	0000	6
		PL18           		CODE           	05CC	0000	7
		PL28           		CODE           	03E3	0000	5
		__initialization		CODE           	000D	0000	48
		_duty_steps    		STRING         	0706	0000	7
		PL2            		CODE           	020F	0000	16
		PL10           		CODE           	0442	0000	8
		PL4            		CODE           	0125	0000	10
		PL20           		CODE           	0137	0000	5
		PL30           		CODE           	05D2	0000	6
		PL6            		CODE           	012E	0000	10

shared estimated size: 184

C:\Users\86135\Desktop\项目实践\SCMCU_IDE_V2.00.15\SCMCU_IDE_V2.00.15\data\sources\common\float.c
		___ftpack      		CODE           	04A7	0000	61

C:\Users\86135\Desktop\项目实践\SCMCU_IDE_V2.00.15\SCMCU_IDE_V2.00.15\data\sources\common\float.c estimated size: 61

C:\Users\86135\Desktop\项目实践\SCMCU_IDE_V2.00.15\SCMCU_IDE_V2.00.15\data\sources\common\Umul16.c
		___wmul        		CODE           	069D	0000	26

C:\Users\86135\Desktop\项目实践\SCMCU_IDE_V2.00.15\SCMCU_IDE_V2.00.15\data\sources\common\Umul16.c estimated size: 26

C:\Users\86135\Desktop\项目实践\SCMCU_IDE_V2.00.15\SCMCU_IDE_V2.00.15\data\sources\common\lbdiv.c
		___lbdiv       		CODE           	0668	0000	28

C:\Users\86135\Desktop\项目实践\SCMCU_IDE_V2.00.15\SCMCU_IDE_V2.00.15\data\sources\common\lbdiv.c estimated size: 28

